<?xml version="1.0" encoding="utf-8"?>
<TestRun id="81e36c44-851c-4e60-9ea3-44ad071b93bb" name="Oliver@LAPTOP-JOMAOBPT 2026-09-19 16:17:38" runUser="LAPTOP-JOMAOBPT\Oliver" xmlns="http://microsoft.com/schemas/VisualStudio/TeamTest/2010">
  <Times creation="2026-09-19T16:17:38.4357737+09:00" queuing="2026-09-19T16:17:38.4357739+09:00" start="2026-09-19T16:17:35.6207547+09:00" finish="2026-09-19T16:17:38.5637734+09:00" />
  <TestSettings name="default" id="cd210e37-868e-420e-9eda-9d7815f34a60">
    <Deployment runDeploymentRoot="Oliver_LAPTOP-JOMAOBPT_2026-09-19_16_17_38" />
  </TestSettings>
  <Results>
    <UnitTestResult executionId="3085ea38-7202-48fb-b99c-b85ea55ed71c" testId="ab6f2abc-1efe-d70c-1038-f06b0b4670f2" testName="HandlesAreWorldScopedAndNeverResolveAfterRecreation" computerName="LAPTOP-JOMAOBPT" duration="00:00:00.0004720" startTime="2026-09-19T16:17:38.4012166+09:00" endTime="2026-09-19T16:17:38.4016887+09:00" testType="13cdc9d9-ddb5-4fa4-a97d-d965ccfc6d4b" outcome="Passed" testListId="8c84fa94-04c1-424b-9868-57a2d4851a1d" relativeResultsDirectory="3085ea38-7202-48fb-b99c-b85ea55ed71c" />
    <UnitTestResult executionId="4b4a2c01-361b-4bf4-9ba5-76049d65760d" testId="bf82437f-313d-1328-f1bd-588e1d0b1fdf" testName="SchedulerCancellationRaceHasExactlyOneTerminalResult" computerName="LAPTOP-JOMAOBPT" duration="00:00:00.0022190" startTime="2026-09-19T16:17:38.4599105+09:00" endTime="2026-09-19T16:17:38.4621291+09:00" testType="13cdc9d9-ddb5-4fa4-a97d-d965ccfc6d4b" outcome="Passed" testListId="8c84fa94-04c1-424b-9868-57a2d4851a1d" relativeResultsDirectory="4b4a2c01-361b-4bf4-9ba5-76049d65760d" />
    <UnitTestResult executionId="9bb878fe-c7f5-444f-b77c-8c3cebf22833" testId="a582030f-bcb7-48f7-8ecf-b51cfd81a275" testName="SkillAppliesAndStacksBuffWithOwnedNumericModifier" computerName="LAPTOP-JOMAOBPT" duration="00:00:00.0009230" startTime="2026-09-19T16:17:38.3973473+09:00" endTime="2026-09-19T16:17:38.3982703+09:00" testType="13cdc9d9-ddb5-4fa4-a97d-d965ccfc6d4b" outcome="Passed" testListId="8c84fa94-04c1-424b-9868-57a2d4851a1d" relativeResultsDirectory="9bb878fe-c7f5-444f-b77c-8c3cebf22833" />
    <UnitTestResult executionId="a5dd4ff0-474f-48d8-bc58-bbdede633b86" testId="2e4d312a-61d2-5cda-a6ff-4b66e94fa463" testName="ReusableCharBufferDoesNotGrowAndFormatsWithoutStringCreation" computerName="LAPTOP-JOMAOBPT" duration="00:00:00.0004390" startTime="2026-09-19T16:17:38.3958614+09:00" endTime="2026-09-19T16:17:38.3963007+09:00" testType="13cdc9d9-ddb5-4fa4-a97d-d965ccfc6d4b" outcome="Passed" testListId="8c84fa94-04c1-424b-9868-57a2d4851a1d" relativeResultsDirectory="a5dd4ff0-474f-48d8-bc58-bbdede633b86" />
    <UnitTestResult executionId="689fbb76-688d-4c33-aa90-e7a9862ad671" testId="3e5f10ff-6de1-42db-902e-e42a6a593807" testName="EntityLifetimeDisposesTrackedEventSubscription" computerName="LAPTOP-JOMAOBPT" duration="00:00:00.0014950" startTime="2026-09-19T16:17:38.3911634+09:00" endTime="2026-09-19T16:17:38.3926584+09:00" testType="13cdc9d9-ddb5-4fa4-a97d-d965ccfc6d4b" outcome="Passed" testListId="8c84fa94-04c1-424b-9868-57a2d4851a1d" relativeResultsDirectory="689fbb76-688d-4c33-aa90-e7a9862ad671" />
    <UnitTestResult executionId="0cbeac72-59f2-4a96-bbe8-c79e6f055895" testId="839a1202-af15-7d2a-ee7e-a6046f12f00d" testName="BuffCompositionRejectsCycles" computerName="LAPTOP-JOMAOBPT" duration="00:00:00.0024760" startTime="2026-09-19T16:17:38.3674325+09:00" endTime="2026-09-19T16:17:38.3699088+09:00" testType="13cdc9d9-ddb5-4fa4-a97d-d965ccfc6d4b" outcome="Passed" testListId="8c84fa94-04c1-424b-9868-57a2d4851a1d" relativeResultsDirectory="0cbeac72-59f2-4a96-bbe8-c79e6f055895" />
    <UnitTestResult executionId="25bad3ed-62ce-463d-ae3d-a60dcfae49d7" testId="7922d228-8b5a-ada1-c65a-5e0279249b78" testName="SaveRoundTripCreatesJsonAndRecoversBackup" computerName="LAPTOP-JOMAOBPT" duration="00:00:00.0140350" startTime="2026-09-19T16:17:38.5004216+09:00" endTime="2026-09-19T16:17:38.5144561+09:00" testType="13cdc9d9-ddb5-4fa4-a97d-d965ccfc6d4b" outcome="Passed" testListId="8c84fa94-04c1-424b-9868-57a2d4851a1d" relativeResultsDirectory="25bad3ed-62ce-463d-ae3d-a60dcfae49d7" />
    <UnitTestResult executionId="9d0bb2c6-a059-4d51-8ee4-e01b83917430" testId="4d9ae36c-dead-ef14-6ea9-69044f713765" testName="FailedInitializationAndCleanupReleaseTheWholeOwnershipTree" computerName="LAPTOP-JOMAOBPT" duration="00:00:00.0004740" startTime="2026-09-19T16:17:38.4007361+09:00" endTime="2026-09-19T16:17:38.4012094+09:00" testType="13cdc9d9-ddb5-4fa4-a97d-d965ccfc6d4b" outcome="Passed" testListId="8c84fa94-04c1-424b-9868-57a2d4851a1d" relativeResultsDirectory="9d0bb2c6-a059-4d51-8ee4-e01b83917430" />
    <UnitTestResult executionId="1f39aa2c-1878-4a4d-92a2-68db22f64013" testId="d42bca39-41da-d4d2-e358-3fe046e0652f" testName="RandomPreservesLegacySequenceAndRestoresWithoutReplaying(int.MaxValue)" computerName="LAPTOP-JOMAOBPT" duration="00:00:00.0080530" startTime="2026-09-19T16:17:38.4518080+09:00" endTime="2026-09-19T16:17:38.4598604+09:00" testType="13cdc9d9-ddb5-4fa4-a97d-d965ccfc6d4b" outcome="Passed" testListId="8c84fa94-04c1-424b-9868-57a2d4851a1d" relativeResultsDirectory="1f39aa2c-1878-4a4d-92a2-68db22f64013" />
    <UnitTestResult executionId="713b0daa-7090-4f68-a16f-8e882fd1061c" testId="41d39e86-1324-b8f6-6bb6-f7ddaad064f2" testName="CompositeBuffRemovalOnlyRevertsItsChildStackContribution" computerName="LAPTOP-JOMAOBPT" duration="00:00:00.0177900" startTime="2026-09-19T16:17:38.3699218+09:00" endTime="2026-09-19T16:17:38.3877119+09:00" testType="13cdc9d9-ddb5-4fa4-a97d-d965ccfc6d4b" outcome="Passed" testListId="8c84fa94-04c1-424b-9868-57a2d4851a1d" relativeResultsDirectory="713b0daa-7090-4f68-a16f-8e882fd1061c" />
    <UnitTestResult executionId="38091127-2e59-4d3b-b765-5cfc6a626535" testId="dba076cc-f26d-d9cf-1a4a-06ba837d0159" testName="NumericFormulaAndBatchEmitOneFinalNotification" computerName="LAPTOP-JOMAOBPT" duration="00:00:00.0011630" startTime="2026-09-19T16:17:38.3939352+09:00" endTime="2026-09-19T16:17:38.3950978+09:00" testType="13cdc9d9-ddb5-4fa4-a97d-d965ccfc6d4b" outcome="Passed" testListId="8c84fa94-04c1-424b-9868-57a2d4851a1d" relativeResultsDirectory="38091127-2e59-4d3b-b765-5cfc6a626535" />
    <UnitTestResult executionId="d59c5b68-e565-4623-8bf0-edd417547350" testId="30d540e1-37e6-8b29-2b88-6174e22d8b83" testName="EventSubscriptionDuringPublishStartsNextPublishInPriorityOrder" computerName="LAPTOP-JOMAOBPT" duration="00:00:00.0006880" startTime="2026-09-19T16:17:38.3932345+09:00" endTime="2026-09-19T16:17:38.3939223+09:00" testType="13cdc9d9-ddb5-4fa4-a97d-d965ccfc6d4b" outcome="Passed" testListId="8c84fa94-04c1-424b-9868-57a2d4851a1d" relativeResultsDirectory="d59c5b68-e565-4623-8bf0-edd417547350" />
    <UnitTestResult executionId="07f84d41-4b1f-429e-9c9d-ffad97036802" testId="79fe32b5-fcce-5bc0-9afa-9df0adc65d20" testName="OwnerDoesNotRetainCompletedWorkerResultsAndWaitsForCancellation" computerName="LAPTOP-JOMAOBPT" duration="00:00:00.0026330" startTime="2026-09-19T16:17:38.4024555+09:00" endTime="2026-09-19T16:17:38.4050885+09:00" testType="13cdc9d9-ddb5-4fa4-a97d-d965ccfc6d4b" outcome="Passed" testListId="8c84fa94-04c1-424b-9868-57a2d4851a1d" relativeResultsDirectory="07f84d41-4b1f-429e-9c9d-ffad97036802" />
    <UnitTestResult executionId="bd93a47b-7aa8-424a-9d4d-5043157430c4" testId="321fbb37-84d6-97fc-e3eb-a5c80e7773bd" testName="SchedulerClearAndDisposeTerminateAllWaiters" computerName="LAPTOP-JOMAOBPT" duration="00:00:00.0008710" startTime="2026-09-19T16:17:38.4621435+09:00" endTime="2026-09-19T16:17:38.4630146+09:00" testType="13cdc9d9-ddb5-4fa4-a97d-d965ccfc6d4b" outcome="Passed" testListId="8c84fa94-04c1-424b-9868-57a2d4851a1d" relativeResultsDirectory="bd93a47b-7aa8-424a-9d4d-5043157430c4" />
    <UnitTestResult executionId="7b1269a1-e7d2-46a7-9c66-83c32d452189" testId="18ec960e-5bfd-5866-cd55-7286ee0ac2ef" testName="BuffStateAndModifiersRollbackTogether" computerName="LAPTOP-JOMAOBPT" duration="00:00:00.0009210" startTime="2026-09-19T16:17:38.3998072+09:00" endTime="2026-09-19T16:17:38.4007276+09:00" testType="13cdc9d9-ddb5-4fa4-a97d-d965ccfc6d4b" outcome="Passed" testListId="8c84fa94-04c1-424b-9868-57a2d4851a1d" relativeResultsDirectory="7b1269a1-e7d2-46a7-9c66-83c32d452189" />
    <UnitTestResult executionId="bc173b21-7b0d-4988-9d58-c822a7a3926b" testId="1560834d-60a5-ade1-91fd-fc9873010bdf" testName="SchedulerIsStableAndCancellationSafe" computerName="LAPTOP-JOMAOBPT" duration="00:00:00.0010310" startTime="2026-09-19T16:17:38.3963075+09:00" endTime="2026-09-19T16:17:38.3973388+09:00" testType="13cdc9d9-ddb5-4fa4-a97d-d965ccfc6d4b" outcome="Passed" testListId="8c84fa94-04c1-424b-9868-57a2d4851a1d" relativeResultsDirectory="bc173b21-7b0d-4988-9d58-c822a7a3926b" />
    <UnitTestResult executionId="9a1da6df-9b83-4163-a803-b340c9f3afdb" testId="679e74c1-ccb0-8d82-9492-4c9fdb165d12" testName="TransactionBudgetsRollbackAlreadyEvaluatedEffects" computerName="LAPTOP-JOMAOBPT" duration="00:00:00.0005080" startTime="2026-09-19T16:17:38.4631825+09:00" endTime="2026-09-19T16:17:38.4636900+09:00" testType="13cdc9d9-ddb5-4fa4-a97d-d965ccfc6d4b" outcome="Passed" testListId="8c84fa94-04c1-424b-9868-57a2d4851a1d" relativeResultsDirectory="9a1da6df-9b83-4163-a803-b340c9f3afdb" />
    <UnitTestResult executionId="c36bfed9-f69e-406f-8e0e-578c2818e4d4" testId="62b96830-e796-aa4f-09cf-a840b33c5135" testName="RandomPreservesLegacySequenceAndRestoresWithoutReplaying(int.MinValue)" computerName="LAPTOP-JOMAOBPT" duration="00:00:00.0089980" startTime="2026-09-19T16:17:38.4427808+09:00" endTime="2026-09-19T16:17:38.4517786+09:00" testType="13cdc9d9-ddb5-4fa4-a97d-d965ccfc6d4b" outcome="Passed" testListId="8c84fa94-04c1-424b-9868-57a2d4851a1d" relativeResultsDirectory="c36bfed9-f69e-406f-8e0e-578c2818e4d4" />
    <UnitTestResult executionId="71abd516-b1fc-4f95-a670-322cc4f87fc8" testId="2fcfe5fc-8c15-3c99-3d99-76558177dcdc" testName="RemovingEntityDuringTickDoesNotSkipFollowingEntity" computerName="LAPTOP-JOMAOBPT" duration="00:00:00.0007380" startTime="2026-09-19T16:17:38.3951099+09:00" endTime="2026-09-19T16:17:38.3958475+09:00" testType="13cdc9d9-ddb5-4fa4-a97d-d965ccfc6d4b" outcome="Passed" testListId="8c84fa94-04c1-424b-9868-57a2d4851a1d" relativeResultsDirectory="71abd516-b1fc-4f95-a670-322cc4f87fc8" />
    <UnitTestResult executionId="b6d3127d-8092-4387-bac3-3ff067bccf89" testId="78a58bd6-99cb-7521-8251-027bcca658a0" testName="FutureVersionIsRejectedWithoutFallback" computerName="LAPTOP-JOMAOBPT" duration="00:00:00.0344930" startTime="2026-09-19T16:17:38.4659076+09:00" endTime="2026-09-19T16:17:38.5004002+09:00" testType="13cdc9d9-ddb5-4fa4-a97d-d965ccfc6d4b" outcome="Passed" testListId="8c84fa94-04c1-424b-9868-57a2d4851a1d" relativeResultsDirectory="b6d3127d-8092-4387-bac3-3ff067bccf89" />
    <UnitTestResult executionId="8efa983e-be87-4b76-9365-b5e9c3cff67a" testId="eeae625e-cc89-20b7-e81e-903797725829" testName="TransactionFailureAndCancellationDoNotPublishOrMutate" computerName="LAPTOP-JOMAOBPT" duration="00:00:00.0014020" startTime="2026-09-19T16:17:38.4637013+09:00" endTime="2026-09-19T16:17:38.4651036+09:00" testType="13cdc9d9-ddb5-4fa4-a97d-d965ccfc6d4b" outcome="Passed" testListId="8c84fa94-04c1-424b-9868-57a2d4851a1d" relativeResultsDirectory="8efa983e-be87-4b76-9365-b5e9c3cff67a" />
    <UnitTestResult executionId="38b74e06-3d8b-4e47-84b7-df1a0313dd42" testId="4ff92b35-2c9c-3983-336e-1b17b016d705" testName="EventScopeUsesStablePriorityAndSafeSelfRemoval" computerName="LAPTOP-JOMAOBPT" duration="00:00:00.0005520" startTime="2026-09-19T16:17:38.3926713+09:00" endTime="2026-09-19T16:17:38.3932227+09:00" testType="13cdc9d9-ddb5-4fa4-a97d-d965ccfc6d4b" outcome="Passed" testListId="8c84fa94-04c1-424b-9868-57a2d4851a1d" relativeResultsDirectory="38b74e06-3d8b-4e47-84b7-df1a0313dd42" />
    <UnitTestResult executionId="624cf6de-5095-4820-a512-f91c57b196c1" testId="2bca9628-a360-cc1b-cdb6-4a25559f7bf2" testName="OwnerReportsFaultButStillJoinsOtherWorkers" computerName="LAPTOP-JOMAOBPT" duration="00:00:00.0016990" startTime="2026-09-19T16:17:38.4050976+09:00" endTime="2026-09-19T16:17:38.4067966+09:00" testType="13cdc9d9-ddb5-4fa4-a97d-d965ccfc6d4b" outcome="Passed" testListId="8c84fa94-04c1-424b-9868-57a2d4851a1d" relativeResultsDirectory="624cf6de-5095-4820-a512-f91c57b196c1" />
    <UnitTestResult executionId="cfb5f512-7d4c-4c4c-96d4-15cbf6be6dda" testId="d11d1a96-af2b-e1d5-b81c-7d950c0ce29e" testName="RandomPreservesLegacySequenceAndRestoresWithoutReplaying(73129)" computerName="LAPTOP-JOMAOBPT" duration="00:00:00.0083420" startTime="2026-09-19T16:17:38.4241951+09:00" endTime="2026-09-19T16:17:38.4325372+09:00" testType="13cdc9d9-ddb5-4fa4-a97d-d965ccfc6d4b" outcome="Passed" testListId="8c84fa94-04c1-424b-9868-57a2d4851a1d" relativeResultsDirectory="cfb5f512-7d4c-4c4c-96d4-15cbf6be6dda" />
    <UnitTestResult executionId="04948834-b8a1-4c6f-82e0-ecc2130ee006" testId="dcbeff99-cf3c-6601-3146-6cdd13ff8d04" testName="EntityHierarchyOwnsChildrenComponentsAndInvalidatesHandles" computerName="LAPTOP-JOMAOBPT" duration="00:00:00.0034110" startTime="2026-09-19T16:17:38.3877354+09:00" endTime="2026-09-19T16:17:38.3911467+09:00" testType="13cdc9d9-ddb5-4fa4-a97d-d965ccfc6d4b" outcome="Passed" testListId="8c84fa94-04c1-424b-9868-57a2d4851a1d" relativeResultsDirectory="04948834-b8a1-4c6f-82e0-ecc2130ee006" />
    <UnitTestResult executionId="c783dea3-b32a-4acf-a652-271269a14f92" testId="e9b94bd7-ceb1-66aa-7636-e3e577ab129f" testName="SourceGeneratorBuildsExplicitAotRegistry" computerName="LAPTOP-JOMAOBPT" duration="00:00:00.0001880" startTime="2026-09-19T16:17:38.3982788+09:00" endTime="2026-09-19T16:17:38.3984673+09:00" testType="13cdc9d9-ddb5-4fa4-a97d-d965ccfc6d4b" outcome="Passed" testListId="8c84fa94-04c1-424b-9868-57a2d4851a1d" relativeResultsDirectory="c783dea3-b32a-4acf-a652-271269a14f92" />
    <UnitTestResult executionId="769549dc-1e1a-418a-b6f0-35a28d260147" testId="5f1726bd-f662-b6bf-26c5-9ef77dc56bd4" testName="RandomPreservesLegacySequenceAndRestoresWithoutReplaying(0)" computerName="LAPTOP-JOMAOBPT" duration="00:00:00.0173610" startTime="2026-09-19T16:17:38.4068201+09:00" endTime="2026-09-19T16:17:38.4241807+09:00" testType="13cdc9d9-ddb5-4fa4-a97d-d965ccfc6d4b" outcome="Passed" testListId="8c84fa94-04c1-424b-9868-57a2d4851a1d" relativeResultsDirectory="769549dc-1e1a-418a-b6f0-35a28d260147" />
    <UnitTestResult executionId="58f0c83b-68e3-4e2c-8d20-dc7399009fa9" testId="3bc2f251-0f5d-2f86-dd0a-dfcf5d136bd7" testName="AsyncEventsAreAwaitedInPriorityOrder" computerName="LAPTOP-JOMAOBPT" duration="00:00:00.0105349" startTime="2026-09-19T16:17:38.3562524+09:00" endTime="2026-09-19T16:17:38.3667503+09:00" testType="13cdc9d9-ddb5-4fa4-a97d-d965ccfc6d4b" outcome="Passed" testListId="8c84fa94-04c1-424b-9868-57a2d4851a1d" relativeResultsDirectory="58f0c83b-68e3-4e2c-8d20-dc7399009fa9" />
    <UnitTestResult executionId="2af45963-68a5-46be-a37f-4e23d2fcf8ef" testId="94de488e-463e-46a1-3535-20bab06bf24d" testName="NotificationsObserveEveryCommittedTargetAndCannotUndoSuccess" computerName="LAPTOP-JOMAOBPT" duration="00:00:00.0006800" startTime="2026-09-19T16:17:38.4016957+09:00" endTime="2026-09-19T16:17:38.4023755+09:00" testType="13cdc9d9-ddb5-4fa4-a97d-d965ccfc6d4b" outcome="Passed" testListId="8c84fa94-04c1-424b-9868-57a2d4851a1d" relativeResultsDirectory="2af45963-68a5-46be-a37f-4e23d2fcf8ef" />
    <UnitTestResult executionId="4a6524f8-ca2b-48b5-93a1-c70fa036eb5e" testId="d2e2de2a-3766-d5d3-9854-58036706d130" testName="NumericPreservesIntegersAboveFloatPrecision" computerName="LAPTOP-JOMAOBPT" duration="00:00:00.0000680" startTime="2026-09-19T16:17:38.4023837+09:00" endTime="2026-09-19T16:17:38.4024514+09:00" testType="13cdc9d9-ddb5-4fa4-a97d-d965ccfc6d4b" outcome="Passed" testListId="8c84fa94-04c1-424b-9868-57a2d4851a1d" relativeResultsDirectory="4a6524f8-ca2b-48b5-93a1-c70fa036eb5e" />
    <UnitTestResult executionId="93befbd8-51fe-47ef-a8c2-dddb8644e924" testId="df689e70-c84a-4112-7798-4fe81b701c0b" testName="AttachedFactoryCannotDestroyExistingOwnership" computerName="LAPTOP-JOMAOBPT" duration="00:00:00.0003310" startTime="2026-09-19T16:17:38.3994693+09:00" endTime="2026-09-19T16:17:38.3997999+09:00" testType="13cdc9d9-ddb5-4fa4-a97d-d965ccfc6d4b" outcome="Passed" testListId="8c84fa94-04c1-424b-9868-57a2d4851a1d" relativeResultsDirectory="93befbd8-51fe-47ef-a8c2-dddb8644e924" />
    <UnitTestResult executionId="5625b46d-8948-427a-876b-911bbb47f52d" testId="2c0b3f86-c8de-82a9-a7ec-6de25b02f610" testName="TurnPreviewIsPureAndCanRestoreSkippedFactionSequence" computerName="LAPTOP-JOMAOBPT" duration="00:00:00.0007200" startTime="2026-09-19T16:17:38.4651154+09:00" endTime="2026-09-19T16:17:38.4658352+09:00" testType="13cdc9d9-ddb5-4fa4-a97d-d965ccfc6d4b" outcome="Passed" testListId="8c84fa94-04c1-424b-9868-57a2d4851a1d" relativeResultsDirectory="5625b46d-8948-427a-876b-911bbb47f52d" />
    <UnitTestResult executionId="78e30098-e252-40b4-ae73-c2d6eacb9bce" testId="d80520b1-2c2d-a07e-fa8e-fec67e99f16c" testName="RandomPreservesLegacySequenceAndRestoresWithoutReplaying(-1)" computerName="LAPTOP-JOMAOBPT" duration="00:00:00.0102000" startTime="2026-09-19T16:17:38.4325589+09:00" endTime="2026-09-19T16:17:38.4427580+09:00" testType="13cdc9d9-ddb5-4fa4-a97d-d965ccfc6d4b" outcome="Passed" testListId="8c84fa94-04c1-424b-9868-57a2d4851a1d" relativeResultsDirectory="78e30098-e252-40b4-ae73-c2d6eacb9bce" />
    <UnitTestResult executionId="af77bd9d-5026-4994-a346-4036666bfa35" testId="97b3542b-6981-1b39-14cb-aeea063edd6a" testName="SchedulerRejectsForeignTimerHandles" computerName="LAPTOP-JOMAOBPT" duration="00:00:00.0001499" startTime="2026-09-19T16:17:38.4630264+09:00" endTime="2026-09-19T16:17:38.4631768+09:00" testType="13cdc9d9-ddb5-4fa4-a97d-d965ccfc6d4b" outcome="Passed" testListId="8c84fa94-04c1-424b-9868-57a2d4851a1d" relativeResultsDirectory="af77bd9d-5026-4994-a346-4036666bfa35" />
  </Results>
  <TestDefinitions>
    <UnitTest name="FailedInitializationAndCleanupReleaseTheWholeOwnershipTree" storage="d:\workspace_k\_operation-game-studio\gameframework\unity_oriented\_2_distillationinto\ascl_gameframework_lv1\dotnet\ascl.tests\bin\debug\net8.0\ascl.tests.dll" id="4d9ae36c-dead-ef14-6ea9-69044f713765">
      <Execution id="9d0bb2c6-a059-4d51-8ee4-e01b83917430" />
      <TestMethod codeBase="D:\Workspace_K\_Operation-Game-Studio\GameFramework\Unity_Oriented\_2_DistillationInto\ASCL_GameFramework_Lv1\DotNet\ASCL.Tests\bin\Debug\net8.0\ASCL.Tests.dll" adapterTypeName="executor://nunit3testexecutor/" className="ASCL.Tests.IntegrationFoundationTests" name="FailedInitializationAndCleanupReleaseTheWholeOwnershipTree" />
    </UnitTest>
    <UnitTest name="OwnerDoesNotRetainCompletedWorkerResultsAndWaitsForCancellation" storage="d:\workspace_k\_operation-game-studio\gameframework\unity_oriented\_2_distillationinto\ascl_gameframework_lv1\dotnet\ascl.tests\bin\debug\net8.0\ascl.tests.dll" id="79fe32b5-fcce-5bc0-9afa-9df0adc65d20">
      <Execution id="07f84d41-4b1f-429e-9c9d-ffad97036802" />
      <TestMethod codeBase="D:\Workspace_K\_Operation-Game-Studio\GameFramework\Unity_Oriented\_2_DistillationInto\ASCL_GameFramework_Lv1\DotNet\ASCL.Tests\bin\Debug\net8.0\ASCL.Tests.dll" adapterTypeName="executor://nunit3testexecutor/" className="ASCL.Tests.IntegrationFoundationTests" name="OwnerDoesNotRetainCompletedWorkerResultsAndWaitsForCancellation" />
    </UnitTest>
    <UnitTest name="RandomPreservesLegacySequenceAndRestoresWithoutReplaying(int.MinValue)" storage="d:\workspace_k\_operation-game-studio\gameframework\unity_oriented\_2_distillationinto\ascl_gameframework_lv1\dotnet\ascl.tests\bin\debug\net8.0\ascl.tests.dll" id="62b96830-e796-aa4f-09cf-a840b33c5135">
      <Execution id="c36bfed9-f69e-406f-8e0e-578c2818e4d4" />
      <TestMethod codeBase="D:\Workspace_K\_Operation-Game-Studio\GameFramework\Unity_Oriented\_2_DistillationInto\ASCL_GameFramework_Lv1\DotNet\ASCL.Tests\bin\Debug\net8.0\ASCL.Tests.dll" adapterTypeName="executor://nunit3testexecutor/" className="ASCL.Tests.IntegrationFoundationTests" name="RandomPreservesLegacySequenceAndRestoresWithoutReplaying(int.MinValue)" />
    </UnitTest>
    <UnitTest name="SchedulerRejectsForeignTimerHandles" storage="d:\workspace_k\_operation-game-studio\gameframework\unity_oriented\_2_distillationinto\ascl_gameframework_lv1\dotnet\ascl.tests\bin\debug\net8.0\ascl.tests.dll" id="97b3542b-6981-1b39-14cb-aeea063edd6a">
      <Execution id="af77bd9d-5026-4994-a346-4036666bfa35" />
      <TestMethod codeBase="D:\Workspace_K\_Operation-Game-Studio\GameFramework\Unity_Oriented\_2_DistillationInto\ASCL_GameFramework_Lv1\DotNet\ASCL.Tests\bin\Debug\net8.0\ASCL.Tests.dll" adapterTypeName="executor://nunit3testexecutor/" className="ASCL.Tests.IntegrationFoundationTests" name="SchedulerRejectsForeignTimerHandles" />
    </UnitTest>
    <UnitTest name="BuffCompositionRejectsCycles" storage="d:\workspace_k\_operation-game-studio\gameframework\unity_oriented\_2_distillationinto\ascl_gameframework_lv1\dotnet\ascl.tests\bin\debug\net8.0\ascl.tests.dll" id="839a1202-af15-7d2a-ee7e-a6046f12f00d">
      <Execution id="0cbeac72-59f2-4a96-bbe8-c79e6f055895" />
      <TestMethod codeBase="D:\Workspace_K\_Operation-Game-Studio\GameFramework\Unity_Oriented\_2_DistillationInto\ASCL_GameFramework_Lv1\DotNet\ASCL.Tests\bin\Debug\net8.0\ASCL.Tests.dll" adapterTypeName="executor://nunit3testexecutor/" className="ASCL.Tests.CoreFrameworkTests" name="BuffCompositionRejectsCycles" />
    </UnitTest>
    <UnitTest name="OwnerReportsFaultButStillJoinsOtherWorkers" storage="d:\workspace_k\_operation-game-studio\gameframework\unity_oriented\_2_distillationinto\ascl_gameframework_lv1\dotnet\ascl.tests\bin\debug\net8.0\ascl.tests.dll" id="2bca9628-a360-cc1b-cdb6-4a25559f7bf2">
      <Execution id="624cf6de-5095-4820-a512-f91c57b196c1" />
      <TestMethod codeBase="D:\Workspace_K\_Operation-Game-Studio\GameFramework\Unity_Oriented\_2_DistillationInto\ASCL_GameFramework_Lv1\DotNet\ASCL.Tests\bin\Debug\net8.0\ASCL.Tests.dll" adapterTypeName="executor://nunit3testexecutor/" className="ASCL.Tests.IntegrationFoundationTests" name="OwnerReportsFaultButStillJoinsOtherWorkers" />
    </UnitTest>
    <UnitTest name="RandomPreservesLegacySequenceAndRestoresWithoutReplaying(int.MaxValue)" storage="d:\workspace_k\_operation-game-studio\gameframework\unity_oriented\_2_distillationinto\ascl_gameframework_lv1\dotnet\ascl.tests\bin\debug\net8.0\ascl.tests.dll" id="d42bca39-41da-d4d2-e358-3fe046e0652f">
      <Execution id="1f39aa2c-1878-4a4d-92a2-68db22f64013" />
      <TestMethod codeBase="D:\Workspace_K\_Operation-Game-Studio\GameFramework\Unity_Oriented\_2_DistillationInto\ASCL_GameFramework_Lv1\DotNet\ASCL.Tests\bin\Debug\net8.0\ASCL.Tests.dll" adapterTypeName="executor://nunit3testexecutor/" className="ASCL.Tests.IntegrationFoundationTests" name="RandomPreservesLegacySequenceAndRestoresWithoutReplaying(int.MaxValue)" />
    </UnitTest>
    <UnitTest name="EventSubscriptionDuringPublishStartsNextPublishInPriorityOrder" storage="d:\workspace_k\_operation-game-studio\gameframework\unity_oriented\_2_distillationinto\ascl_gameframework_lv1\dotnet\ascl.tests\bin\debug\net8.0\ascl.tests.dll" id="30d540e1-37e6-8b29-2b88-6174e22d8b83">
      <Execution id="d59c5b68-e565-4623-8bf0-edd417547350" />
      <TestMethod codeBase="D:\Workspace_K\_Operation-Game-Studio\GameFramework\Unity_Oriented\_2_DistillationInto\ASCL_GameFramework_Lv1\DotNet\ASCL.Tests\bin\Debug\net8.0\ASCL.Tests.dll" adapterTypeName="executor://nunit3testexecutor/" className="ASCL.Tests.CoreFrameworkTests" name="EventSubscriptionDuringPublishStartsNextPublishInPriorityOrder" />
    </UnitTest>
    <UnitTest name="RandomPreservesLegacySequenceAndRestoresWithoutReplaying(73129)" storage="d:\workspace_k\_operation-game-studio\gameframework\unity_oriented\_2_distillationinto\ascl_gameframework_lv1\dotnet\ascl.tests\bin\debug\net8.0\ascl.tests.dll" id="d11d1a96-af2b-e1d5-b81c-7d950c0ce29e">
      <Execution id="cfb5f512-7d4c-4c4c-96d4-15cbf6be6dda" />
      <TestMethod codeBase="D:\Workspace_K\_Operation-Game-Studio\GameFramework\Unity_Oriented\_2_DistillationInto\ASCL_GameFramework_Lv1\DotNet\ASCL.Tests\bin\Debug\net8.0\ASCL.Tests.dll" adapterTypeName="executor://nunit3testexecutor/" className="ASCL.Tests.IntegrationFoundationTests" name="RandomPreservesLegacySequenceAndRestoresWithoutReplaying(73129)" />
    </UnitTest>
    <UnitTest name="AsyncEventsAreAwaitedInPriorityOrder" storage="d:\workspace_k\_operation-game-studio\gameframework\unity_oriented\_2_distillationinto\ascl_gameframework_lv1\dotnet\ascl.tests\bin\debug\net8.0\ascl.tests.dll" id="3bc2f251-0f5d-2f86-dd0a-dfcf5d136bd7">
      <Execution id="58f0c83b-68e3-4e2c-8d20-dc7399009fa9" />
      <TestMethod codeBase="D:\Workspace_K\_Operation-Game-Studio\GameFramework\Unity_Oriented\_2_DistillationInto\ASCL_GameFramework_Lv1\DotNet\ASCL.Tests\bin\Debug\net8.0\ASCL.Tests.dll" adapterTypeName="executor://nunit3testexecutor/" className="ASCL.Tests.CoreFrameworkTests" name="AsyncEventsAreAwaitedInPriorityOrder" />
    </UnitTest>
    <UnitTest name="SkillAppliesAndStacksBuffWithOwnedNumericModifier" storage="d:\workspace_k\_operation-game-studio\gameframework\unity_oriented\_2_distillationinto\ascl_gameframework_lv1\dotnet\ascl.tests\bin\debug\net8.0\ascl.tests.dll" id="a582030f-bcb7-48f7-8ecf-b51cfd81a275">
      <Execution id="9bb878fe-c7f5-444f-b77c-8c3cebf22833" />
      <TestMethod codeBase="D:\Workspace_K\_Operation-Game-Studio\GameFramework\Unity_Oriented\_2_DistillationInto\ASCL_GameFramework_Lv1\DotNet\ASCL.Tests\bin\Debug\net8.0\ASCL.Tests.dll" adapterTypeName="executor://nunit3testexecutor/" className="ASCL.Tests.CoreFrameworkTests" name="SkillAppliesAndStacksBuffWithOwnedNumericModifier" />
    </UnitTest>
    <UnitTest name="SchedulerCancellationRaceHasExactlyOneTerminalResult" storage="d:\workspace_k\_operation-game-studio\gameframework\unity_oriented\_2_distillationinto\ascl_gameframework_lv1\dotnet\ascl.tests\bin\debug\net8.0\ascl.tests.dll" id="bf82437f-313d-1328-f1bd-588e1d0b1fdf">
      <Execution id="4b4a2c01-361b-4bf4-9ba5-76049d65760d" />
      <TestMethod codeBase="D:\Workspace_K\_Operation-Game-Studio\GameFramework\Unity_Oriented\_2_DistillationInto\ASCL_GameFramework_Lv1\DotNet\ASCL.Tests\bin\Debug\net8.0\ASCL.Tests.dll" adapterTypeName="executor://nunit3testexecutor/" className="ASCL.Tests.IntegrationFoundationTests" name="SchedulerCancellationRaceHasExactlyOneTerminalResult" />
    </UnitTest>
    <UnitTest name="SchedulerClearAndDisposeTerminateAllWaiters" storage="d:\workspace_k\_operation-game-studio\gameframework\unity_oriented\_2_distillationinto\ascl_gameframework_lv1\dotnet\ascl.tests\bin\debug\net8.0\ascl.tests.dll" id="321fbb37-84d6-97fc-e3eb-a5c80e7773bd">
      <Execution id="bd93a47b-7aa8-424a-9d4d-5043157430c4" />
      <TestMethod codeBase="D:\Workspace_K\_Operation-Game-Studio\GameFramework\Unity_Oriented\_2_DistillationInto\ASCL_GameFramework_Lv1\DotNet\ASCL.Tests\bin\Debug\net8.0\ASCL.Tests.dll" adapterTypeName="executor://nunit3testexecutor/" className="ASCL.Tests.IntegrationFoundationTests" name="SchedulerClearAndDisposeTerminateAllWaiters" />
    </UnitTest>
    <UnitTest name="EntityLifetimeDisposesTrackedEventSubscription" storage="d:\workspace_k\_operation-game-studio\gameframework\unity_oriented\_2_distillationinto\ascl_gameframework_lv1\dotnet\ascl.tests\bin\debug\net8.0\ascl.tests.dll" id="3e5f10ff-6de1-42db-902e-e42a6a593807">
      <Execution id="689fbb76-688d-4c33-aa90-e7a9862ad671" />
      <TestMethod codeBase="D:\Workspace_K\_Operation-Game-Studio\GameFramework\Unity_Oriented\_2_DistillationInto\ASCL_GameFramework_Lv1\DotNet\ASCL.Tests\bin\Debug\net8.0\ASCL.Tests.dll" adapterTypeName="executor://nunit3testexecutor/" className="ASCL.Tests.CoreFrameworkTests" name="EntityLifetimeDisposesTrackedEventSubscription" />
    </UnitTest>
    <UnitTest name="SchedulerIsStableAndCancellationSafe" storage="d:\workspace_k\_operation-game-studio\gameframework\unity_oriented\_2_distillationinto\ascl_gameframework_lv1\dotnet\ascl.tests\bin\debug\net8.0\ascl.tests.dll" id="1560834d-60a5-ade1-91fd-fc9873010bdf">
      <Execution id="bc173b21-7b0d-4988-9d58-c822a7a3926b" />
      <TestMethod codeBase="D:\Workspace_K\_Operation-Game-Studio\GameFramework\Unity_Oriented\_2_DistillationInto\ASCL_GameFramework_Lv1\DotNet\ASCL.Tests\bin\Debug\net8.0\ASCL.Tests.dll" adapterTypeName="executor://nunit3testexecutor/" className="ASCL.Tests.CoreFrameworkTests" name="SchedulerIsStableAndCancellationSafe" />
    </UnitTest>
    <UnitTest name="SaveRoundTripCreatesJsonAndRecoversBackup" storage="d:\workspace_k\_operation-game-studio\gameframework\unity_oriented\_2_distillationinto\ascl_gameframework_lv1\dotnet\ascl.tests\bin\debug\net8.0\ascl.tests.dll" id="7922d228-8b5a-ada1-c65a-5e0279249b78">
      <Execution id="25bad3ed-62ce-463d-ae3d-a60dcfae49d7" />
      <TestMethod codeBase="D:\Workspace_K\_Operation-Game-Studio\GameFramework\Unity_Oriented\_2_DistillationInto\ASCL_GameFramework_Lv1\DotNet\ASCL.Tests\bin\Debug\net8.0\ASCL.Tests.dll" adapterTypeName="executor://nunit3testexecutor/" className="ASCL.Tests.PersistenceTests" name="SaveRoundTripCreatesJsonAndRecoversBackup" />
    </UnitTest>
    <UnitTest name="AttachedFactoryCannotDestroyExistingOwnership" storage="d:\workspace_k\_operation-game-studio\gameframework\unity_oriented\_2_distillationinto\ascl_gameframework_lv1\dotnet\ascl.tests\bin\debug\net8.0\ascl.tests.dll" id="df689e70-c84a-4112-7798-4fe81b701c0b">
      <Execution id="93befbd8-51fe-47ef-a8c2-dddb8644e924" />
      <TestMethod codeBase="D:\Workspace_K\_Operation-Game-Studio\GameFramework\Unity_Oriented\_2_DistillationInto\ASCL_GameFramework_Lv1\DotNet\ASCL.Tests\bin\Debug\net8.0\ASCL.Tests.dll" adapterTypeName="executor://nunit3testexecutor/" className="ASCL.Tests.IntegrationFoundationTests" name="AttachedFactoryCannotDestroyExistingOwnership" />
    </UnitTest>
    <UnitTest name="EntityHierarchyOwnsChildrenComponentsAndInvalidatesHandles" storage="d:\workspace_k\_operation-game-studio\gameframework\unity_oriented\_2_distillationinto\ascl_gameframework_lv1\dotnet\ascl.tests\bin\debug\net8.0\ascl.tests.dll" id="dcbeff99-cf3c-6601-3146-6cdd13ff8d04">
      <Execution id="04948834-b8a1-4c6f-82e0-ecc2130ee006" />
      <TestMethod codeBase="D:\Workspace_K\_Operation-Game-Studio\GameFramework\Unity_Oriented\_2_DistillationInto\ASCL_GameFramework_Lv1\DotNet\ASCL.Tests\bin\Debug\net8.0\ASCL.Tests.dll" adapterTypeName="executor://nunit3testexecutor/" className="ASCL.Tests.CoreFrameworkTests" name="EntityHierarchyOwnsChildrenComponentsAndInvalidatesHandles" />
    </UnitTest>
    <UnitTest name="BuffStateAndModifiersRollbackTogether" storage="d:\workspace_k\_operation-game-studio\gameframework\unity_oriented\_2_distillationinto\ascl_gameframework_lv1\dotnet\ascl.tests\bin\debug\net8.0\ascl.tests.dll" id="18ec960e-5bfd-5866-cd55-7286ee0ac2ef">
      <Execution id="7b1269a1-e7d2-46a7-9c66-83c32d452189" />
      <TestMethod codeBase="D:\Workspace_K\_Operation-Game-Studio\GameFramework\Unity_Oriented\_2_DistillationInto\ASCL_GameFramework_Lv1\DotNet\ASCL.Tests\bin\Debug\net8.0\ASCL.Tests.dll" adapterTypeName="executor://nunit3testexecutor/" className="ASCL.Tests.IntegrationFoundationTests" name="BuffStateAndModifiersRollbackTogether" />
    </UnitTest>
    <UnitTest name="EventScopeUsesStablePriorityAndSafeSelfRemoval" storage="d:\workspace_k\_operation-game-studio\gameframework\unity_oriented\_2_distillationinto\ascl_gameframework_lv1\dotnet\ascl.tests\bin\debug\net8.0\ascl.tests.dll" id="4ff92b35-2c9c-3983-336e-1b17b016d705">
      <Execution id="38b74e06-3d8b-4e47-84b7-df1a0313dd42" />
      <TestMethod codeBase="D:\Workspace_K\_Operation-Game-Studio\GameFramework\Unity_Oriented\_2_DistillationInto\ASCL_GameFramework_Lv1\DotNet\ASCL.Tests\bin\Debug\net8.0\ASCL.Tests.dll" adapterTypeName="executor://nunit3testexecutor/" className="ASCL.Tests.CoreFrameworkTests" name="EventScopeUsesStablePriorityAndSafeSelfRemoval" />
    </UnitTest>
    <UnitTest name="NumericFormulaAndBatchEmitOneFinalNotification" storage="d:\workspace_k\_operation-game-studio\gameframework\unity_oriented\_2_distillationinto\ascl_gameframework_lv1\dotnet\ascl.tests\bin\debug\net8.0\ascl.tests.dll" id="dba076cc-f26d-d9cf-1a4a-06ba837d0159">
      <Execution id="38091127-2e59-4d3b-b765-5cfc6a626535" />
      <TestMethod codeBase="D:\Workspace_K\_Operation-Game-Studio\GameFramework\Unity_Oriented\_2_DistillationInto\ASCL_GameFramework_Lv1\DotNet\ASCL.Tests\bin\Debug\net8.0\ASCL.Tests.dll" adapterTypeName="executor://nunit3testexecutor/" className="ASCL.Tests.CoreFrameworkTests" name="NumericFormulaAndBatchEmitOneFinalNotification" />
    </UnitTest>
    <UnitTest name="TurnPreviewIsPureAndCanRestoreSkippedFactionSequence" storage="d:\workspace_k\_operation-game-studio\gameframework\unity_oriented\_2_distillationinto\ascl_gameframework_lv1\dotnet\ascl.tests\bin\debug\net8.0\ascl.tests.dll" id="2c0b3f86-c8de-82a9-a7ec-6de25b02f610">
      <Execution id="5625b46d-8948-427a-876b-911bbb47f52d" />
      <TestMethod codeBase="D:\Workspace_K\_Operation-Game-Studio\GameFramework\Unity_Oriented\_2_DistillationInto\ASCL_GameFramework_Lv1\DotNet\ASCL.Tests\bin\Debug\net8.0\ASCL.Tests.dll" adapterTypeName="executor://nunit3testexecutor/" className="ASCL.Tests.IntegrationFoundationTests" name="TurnPreviewIsPureAndCanRestoreSkippedFactionSequence" />
    </UnitTest>
    <UnitTest name="SourceGeneratorBuildsExplicitAotRegistry" storage="d:\workspace_k\_operation-game-studio\gameframework\unity_oriented\_2_distillationinto\ascl_gameframework_lv1\dotnet\ascl.tests\bin\debug\net8.0\ascl.tests.dll" id="e9b94bd7-ceb1-66aa-7636-e3e577ab129f">
      <Execution id="c783dea3-b32a-4acf-a652-271269a14f92" />
      <TestMethod codeBase="D:\Workspace_K\_Operation-Game-Studio\GameFramework\Unity_Oriented\_2_DistillationInto\ASCL_GameFramework_Lv1\DotNet\ASCL.Tests\bin\Debug\net8.0\ASCL.Tests.dll" adapterTypeName="executor://nunit3testexecutor/" className="ASCL.Tests.CoreFrameworkTests" name="SourceGeneratorBuildsExplicitAotRegistry" />
    </UnitTest>
    <UnitTest name="HandlesAreWorldScopedAndNeverResolveAfterRecreation" storage="d:\workspace_k\_operation-game-studio\gameframework\unity_oriented\_2_distillationinto\ascl_gameframework_lv1\dotnet\ascl.tests\bin\debug\net8.0\ascl.tests.dll" id="ab6f2abc-1efe-d70c-1038-f06b0b4670f2">
      <Execution id="3085ea38-7202-48fb-b99c-b85ea55ed71c" />
      <TestMethod codeBase="D:\Workspace_K\_Operation-Game-Studio\GameFramework\Unity_Oriented\_2_DistillationInto\ASCL_GameFramework_Lv1\DotNet\ASCL.Tests\bin\Debug\net8.0\ASCL.Tests.dll" adapterTypeName="executor://nunit3testexecutor/" className="ASCL.Tests.IntegrationFoundationTests" name="HandlesAreWorldScopedAndNeverResolveAfterRecreation" />
    </UnitTest>
    <UnitTest name="RemovingEntityDuringTickDoesNotSkipFollowingEntity" storage="d:\workspace_k\_operation-game-studio\gameframework\unity_oriented\_2_distillationinto\ascl_gameframework_lv1\dotnet\ascl.tests\bin\debug\net8.0\ascl.tests.dll" id="2fcfe5fc-8c15-3c99-3d99-76558177dcdc">
      <Execution id="71abd516-b1fc-4f95-a670-322cc4f87fc8" />
      <TestMethod codeBase="D:\Workspace_K\_Operation-Game-Studio\GameFramework\Unity_Oriented\_2_DistillationInto\ASCL_GameFramework_Lv1\DotNet\ASCL.Tests\bin\Debug\net8.0\ASCL.Tests.dll" adapterTypeName="executor://nunit3testexecutor/" className="ASCL.Tests.CoreFrameworkTests" name="RemovingEntityDuringTickDoesNotSkipFollowingEntity" />
    </UnitTest>
    <UnitTest name="FutureVersionIsRejectedWithoutFallback" storage="d:\workspace_k\_operation-game-studio\gameframework\unity_oriented\_2_distillationinto\ascl_gameframework_lv1\dotnet\ascl.tests\bin\debug\net8.0\ascl.tests.dll" id="78a58bd6-99cb-7521-8251-027bcca658a0">
      <Execution id="b6d3127d-8092-4387-bac3-3ff067bccf89" />
      <TestMethod codeBase="D:\Workspace_K\_Operation-Game-Studio\GameFramework\Unity_Oriented\_2_DistillationInto\ASCL_GameFramework_Lv1\DotNet\ASCL.Tests\bin\Debug\net8.0\ASCL.Tests.dll" adapterTypeName="executor://nunit3testexecutor/" className="ASCL.Tests.PersistenceTests" name="FutureVersionIsRejectedWithoutFallback" />
    </UnitTest>
    <UnitTest name="ReusableCharBufferDoesNotGrowAndFormatsWithoutStringCreation" storage="d:\workspace_k\_operation-game-studio\gameframework\unity_oriented\_2_distillationinto\ascl_gameframework_lv1\dotnet\ascl.tests\bin\debug\net8.0\ascl.tests.dll" id="2e4d312a-61d2-5cda-a6ff-4b66e94fa463">
      <Execution id="a5dd4ff0-474f-48d8-bc58-bbdede633b86" />
      <TestMethod codeBase="D:\Workspace_K\_Operation-Game-Studio\GameFramework\Unity_Oriented\_2_DistillationInto\ASCL_GameFramework_Lv1\DotNet\ASCL.Tests\bin\Debug\net8.0\ASCL.Tests.dll" adapterTypeName="executor://nunit3testexecutor/" className="ASCL.Tests.CoreFrameworkTests" name="ReusableCharBufferDoesNotGrowAndFormatsWithoutStringCreation" />
    </UnitTest>
    <UnitTest name="TransactionFailureAndCancellationDoNotPublishOrMutate" storage="d:\workspace_k\_operation-game-studio\gameframework\unity_oriented\_2_distillationinto\ascl_gameframework_lv1\dotnet\ascl.tests\bin\debug\net8.0\ascl.tests.dll" id="eeae625e-cc89-20b7-e81e-903797725829">
      <Execution id="8efa983e-be87-4b76-9365-b5e9c3cff67a" />
      <TestMethod codeBase="D:\Workspace_K\_Operation-Game-Studio\GameFramework\Unity_Oriented\_2_DistillationInto\ASCL_GameFramework_Lv1\DotNet\ASCL.Tests\bin\Debug\net8.0\ASCL.Tests.dll" adapterTypeName="executor://nunit3testexecutor/" className="ASCL.Tests.IntegrationFoundationTests" name="TransactionFailureAndCancellationDoNotPublishOrMutate" />
    </UnitTest>
    <UnitTest name="RandomPreservesLegacySequenceAndRestoresWithoutReplaying(-1)" storage="d:\workspace_k\_operation-game-studio\gameframework\unity_oriented\_2_distillationinto\ascl_gameframework_lv1\dotnet\ascl.tests\bin\debug\net8.0\ascl.tests.dll" id="d80520b1-2c2d-a07e-fa8e-fec67e99f16c">
      <Execution id="78e30098-e252-40b4-ae73-c2d6eacb9bce" />
      <TestMethod codeBase="D:\Workspace_K\_Operation-Game-Studio\GameFramework\Unity_Oriented\_2_DistillationInto\ASCL_GameFramework_Lv1\DotNet\ASCL.Tests\bin\Debug\net8.0\ASCL.Tests.dll" adapterTypeName="executor://nunit3testexecutor/" className="ASCL.Tests.IntegrationFoundationTests" name="RandomPreservesLegacySequenceAndRestoresWithoutReplaying(-1)" />
    </UnitTest>
    <UnitTest name="NotificationsObserveEveryCommittedTargetAndCannotUndoSuccess" storage="d:\workspace_k\_operation-game-studio\gameframework\unity_oriented\_2_distillationinto\ascl_gameframework_lv1\dotnet\ascl.tests\bin\debug\net8.0\ascl.tests.dll" id="94de488e-463e-46a1-3535-20bab06bf24d">
      <Execution id="2af45963-68a5-46be-a37f-4e23d2fcf8ef" />
      <TestMethod codeBase="D:\Workspace_K\_Operation-Game-Studio\GameFramework\Unity_Oriented\_2_DistillationInto\ASCL_GameFramework_Lv1\DotNet\ASCL.Tests\bin\Debug\net8.0\ASCL.Tests.dll" adapterTypeName="executor://nunit3testexecutor/" className="ASCL.Tests.IntegrationFoundationTests" name="NotificationsObserveEveryCommittedTargetAndCannotUndoSuccess" />
    </UnitTest>
    <UnitTest name="TransactionBudgetsRollbackAlreadyEvaluatedEffects" storage="d:\workspace_k\_operation-game-studio\gameframework\unity_oriented\_2_distillationinto\ascl_gameframework_lv1\dotnet\ascl.tests\bin\debug\net8.0\ascl.tests.dll" id="679e74c1-ccb0-8d82-9492-4c9fdb165d12">
      <Execution id="9a1da6df-9b83-4163-a803-b340c9f3afdb" />
      <TestMethod codeBase="D:\Workspace_K\_Operation-Game-Studio\GameFramework\Unity_Oriented\_2_DistillationInto\ASCL_GameFramework_Lv1\DotNet\ASCL.Tests\bin\Debug\net8.0\ASCL.Tests.dll" adapterTypeName="executor://nunit3testexecutor/" className="ASCL.Tests.IntegrationFoundationTests" name="TransactionBudgetsRollbackAlreadyEvaluatedEffects" />
    </UnitTest>
    <UnitTest name="CompositeBuffRemovalOnlyRevertsItsChildStackContribution" storage="d:\workspace_k\_operation-game-studio\gameframework\unity_oriented\_2_distillationinto\ascl_gameframework_lv1\dotnet\ascl.tests\bin\debug\net8.0\ascl.tests.dll" id="41d39e86-1324-b8f6-6bb6-f7ddaad064f2">
      <Execution id="713b0daa-7090-4f68-a16f-8e882fd1061c" />
      <TestMethod codeBase="D:\Workspace_K\_Operation-Game-Studio\GameFramework\Unity_Oriented\_2_DistillationInto\ASCL_GameFramework_Lv1\DotNet\ASCL.Tests\bin\Debug\net8.0\ASCL.Tests.dll" adapterTypeName="executor://nunit3testexecutor/" className="ASCL.Tests.CoreFrameworkTests" name="CompositeBuffRemovalOnlyRevertsItsChildStackContribution" />
    </UnitTest>
    <UnitTest name="NumericPreservesIntegersAboveFloatPrecision" storage="d:\workspace_k\_operation-game-studio\gameframework\unity_oriented\_2_distillationinto\ascl_gameframework_lv1\dotnet\ascl.tests\bin\debug\net8.0\ascl.tests.dll" id="d2e2de2a-3766-d5d3-9854-58036706d130">
      <Execution id="4a6524f8-ca2b-48b5-93a1-c70fa036eb5e" />
      <TestMethod codeBase="D:\Workspace_K\_Operation-Game-Studio\GameFramework\Unity_Oriented\_2_DistillationInto\ASCL_GameFramework_Lv1\DotNet\ASCL.Tests\bin\Debug\net8.0\ASCL.Tests.dll" adapterTypeName="executor://nunit3testexecutor/" className="ASCL.Tests.IntegrationFoundationTests" name="NumericPreservesIntegersAboveFloatPrecision" />
    </UnitTest>
    <UnitTest name="RandomPreservesLegacySequenceAndRestoresWithoutReplaying(0)" storage="d:\workspace_k\_operation-game-studio\gameframework\unity_oriented\_2_distillationinto\ascl_gameframework_lv1\dotnet\ascl.tests\bin\debug\net8.0\ascl.tests.dll" id="5f1726bd-f662-b6bf-26c5-9ef77dc56bd4">
      <Execution id="769549dc-1e1a-418a-b6f0-35a28d260147" />
      <TestMethod codeBase="D:\Workspace_K\_Operation-Game-Studio\GameFramework\Unity_Oriented\_2_DistillationInto\ASCL_GameFramework_Lv1\DotNet\ASCL.Tests\bin\Debug\net8.0\ASCL.Tests.dll" adapterTypeName="executor://nunit3testexecutor/" className="ASCL.Tests.IntegrationFoundationTests" name="RandomPreservesLegacySequenceAndRestoresWithoutReplaying(0)" />
    </UnitTest>
  </TestDefinitions>
  <TestEntries>
    <TestEntry testId="ab6f2abc-1efe-d70c-1038-f06b0b4670f2" executionId="3085ea38-7202-48fb-b99c-b85ea55ed71c" testListId="8c84fa94-04c1-424b-9868-57a2d4851a1d" />
    <TestEntry testId="bf82437f-313d-1328-f1bd-588e1d0b1fdf" executionId="4b4a2c01-361b-4bf4-9ba5-76049d65760d" testListId="8c84fa94-04c1-424b-9868-57a2d4851a1d" />
    <TestEntry testId="a582030f-bcb7-48f7-8ecf-b51cfd81a275" executionId="9bb878fe-c7f5-444f-b77c-8c3cebf22833" testListId="8c84fa94-04c1-424b-9868-57a2d4851a1d" />
    <TestEntry testId="2e4d312a-61d2-5cda-a6ff-4b66e94fa463" executionId="a5dd4ff0-474f-48d8-bc58-bbdede633b86" testListId="8c84fa94-04c1-424b-9868-57a2d4851a1d" />
    <TestEntry testId="3e5f10ff-6de1-42db-902e-e42a6a593807" executionId="689fbb76-688d-4c33-aa90-e7a9862ad671" testListId="8c84fa94-04c1-424b-9868-57a2d4851a1d" />
    <TestEntry testId="839a1202-af15-7d2a-ee7e-a6046f12f00d" executionId="0cbeac72-59f2-4a96-bbe8-c79e6f055895" testListId="8c84fa94-04c1-424b-9868-57a2d4851a1d" />
    <TestEntry testId="7922d228-8b5a-ada1-c65a-5e0279249b78" executionId="25bad3ed-62ce-463d-ae3d-a60dcfae49d7" testListId="8c84fa94-04c1-424b-9868-57a2d4851a1d" />
    <TestEntry testId="4d9ae36c-dead-ef14-6ea9-69044f713765" executionId="9d0bb2c6-a059-4d51-8ee4-e01b83917430" testListId="8c84fa94-04c1-424b-9868-57a2d4851a1d" />
    <TestEntry testId="d42bca39-41da-d4d2-e358-3fe046e0652f" executionId="1f39aa2c-1878-4a4d-92a2-68db22f64013" testListId="8c84fa94-04c1-424b-9868-57a2d4851a1d" />
    <TestEntry testId="41d39e86-1324-b8f6-6bb6-f7ddaad064f2" executionId="713b0daa-7090-4f68-a16f-8e882fd1061c" testListId="8c84fa94-04c1-424b-9868-57a2d4851a1d" />
    <TestEntry testId="dba076cc-f26d-d9cf-1a4a-06ba837d0159" executionId="38091127-2e59-4d3b-b765-5cfc6a626535" testListId="8c84fa94-04c1-424b-9868-57a2d4851a1d" />
    <TestEntry testId="30d540e1-37e6-8b29-2b88-6174e22d8b83" executionId="d59c5b68-e565-4623-8bf0-edd417547350" testListId="8c84fa94-04c1-424b-9868-57a2d4851a1d" />
    <TestEntry testId="79fe32b5-fcce-5bc0-9afa-9df0adc65d20" executionId="07f84d41-4b1f-429e-9c9d-ffad97036802" testListId="8c84fa94-04c1-424b-9868-57a2d4851a1d" />
    <TestEntry testId="321fbb37-84d6-97fc-e3eb-a5c80e7773bd" executionId="bd93a47b-7aa8-424a-9d4d-5043157430c4" testListId="8c84fa94-04c1-424b-9868-57a2d4851a1d" />
    <TestEntry testId="18ec960e-5bfd-5866-cd55-7286ee0ac2ef" executionId="7b1269a1-e7d2-46a7-9c66-83c32d452189" testListId="8c84fa94-04c1-424b-9868-57a2d4851a1d" />
    <TestEntry testId="1560834d-60a5-ade1-91fd-fc9873010bdf" executionId="bc173b21-7b0d-4988-9d58-c822a7a3926b" testListId="8c84fa94-04c1-424b-9868-57a2d4851a1d" />
    <TestEntry testId="679e74c1-ccb0-8d82-9492-4c9fdb165d12" executionId="9a1da6df-9b83-4163-a803-b340c9f3afdb" testListId="8c84fa94-04c1-424b-9868-57a2d4851a1d" />
    <TestEntry testId="62b96830-e796-aa4f-09cf-a840b33c5135" executionId="c36bfed9-f69e-406f-8e0e-578c2818e4d4" testListId="8c84fa94-04c1-424b-9868-57a2d4851a1d" />
    <TestEntry testId="2fcfe5fc-8c15-3c99-3d99-76558177dcdc" executionId="71abd516-b1fc-4f95-a670-322cc4f87fc8" testListId="8c84fa94-04c1-424b-9868-57a2d4851a1d" />
    <TestEntry testId="78a58bd6-99cb-7521-8251-027bcca658a0" executionId="b6d3127d-8092-4387-bac3-3ff067bccf89" testListId="8c84fa94-04c1-424b-9868-57a2d4851a1d" />
    <TestEntry testId="eeae625e-cc89-20b7-e81e-903797725829" executionId="8efa983e-be87-4b76-9365-b5e9c3cff67a" testListId="8c84fa94-04c1-424b-9868-57a2d4851a1d" />
    <TestEntry testId="4ff92b35-2c9c-3983-336e-1b17b016d705" executionId="38b74e06-3d8b-4e47-84b7-df1a0313dd42" testListId="8c84fa94-04c1-424b-9868-57a2d4851a1d" />
    <TestEntry testId="2bca9628-a360-cc1b-cdb6-4a25559f7bf2" executionId="624cf6de-5095-4820-a512-f91c57b196c1" testListId="8c84fa94-04c1-424b-9868-57a2d4851a1d" />
    <TestEntry testId="d11d1a96-af2b-e1d5-b81c-7d950c0ce29e" executionId="cfb5f512-7d4c-4c4c-96d4-15cbf6be6dda" testListId="8c84fa94-04c1-424b-9868-57a2d4851a1d" />
    <TestEntry testId="dcbeff99-cf3c-6601-3146-6cdd13ff8d04" executionId="04948834-b8a1-4c6f-82e0-ecc2130ee006" testListId="8c84fa94-04c1-424b-9868-57a2d4851a1d" />
    <TestEntry testId="e9b94bd7-ceb1-66aa-7636-e3e577ab129f" executionId="c783dea3-b32a-4acf-a652-271269a14f92" testListId="8c84fa94-04c1-424b-9868-57a2d4851a1d" />
    <TestEntry testId="5f1726bd-f662-b6bf-26c5-9ef77dc56bd4" executionId="769549dc-1e1a-418a-b6f0-35a28d260147" testListId="8c84fa94-04c1-424b-9868-57a2d4851a1d" />
    <TestEntry testId="3bc2f251-0f5d-2f86-dd0a-dfcf5d136bd7" executionId="58f0c83b-68e3-4e2c-8d20-dc7399009fa9" testListId="8c84fa94-04c1-424b-9868-57a2d4851a1d" />
    <TestEntry testId="94de488e-463e-46a1-3535-20bab06bf24d" executionId="2af45963-68a5-46be-a37f-4e23d2fcf8ef" testListId="8c84fa94-04c1-424b-9868-57a2d4851a1d" />
    <TestEntry testId="d2e2de2a-3766-d5d3-9854-58036706d130" executionId="4a6524f8-ca2b-48b5-93a1-c70fa036eb5e" testListId="8c84fa94-04c1-424b-9868-57a2d4851a1d" />
    <TestEntry testId="df689e70-c84a-4112-7798-4fe81b701c0b" executionId="93befbd8-51fe-47ef-a8c2-dddb8644e924" testListId="8c84fa94-04c1-424b-9868-57a2d4851a1d" />
    <TestEntry testId="2c0b3f86-c8de-82a9-a7ec-6de25b02f610" executionId="5625b46d-8948-427a-876b-911bbb47f52d" testListId="8c84fa94-04c1-424b-9868-57a2d4851a1d" />
    <TestEntry testId="d80520b1-2c2d-a07e-fa8e-fec67e99f16c" executionId="78e30098-e252-40b4-ae73-c2d6eacb9bce" testListId="8c84fa94-04c1-424b-9868-57a2d4851a1d" />
    <TestEntry testId="97b3542b-6981-1b39-14cb-aeea063edd6a" executionId="af77bd9d-5026-4994-a346-4036666bfa35" testListId="8c84fa94-04c1-424b-9868-57a2d4851a1d" />
  </TestEntries>
  <TestLists>
    <TestList name="一覧に存在しない結果" id="8c84fa94-04c1-424b-9868-57a2d4851a1d" />
    <TestList name="読み込まれたすべての結果" id="19431567-8539-422a-85d7-44ee4e166bda" />
  </TestLists>
  <ResultSummary outcome="Completed">
    <Counters total="34" executed="34" passed="34" failed="0" error="0" timeout="0" aborted="0" inconclusive="0" passedButRunAborted="0" notRunnable="0" notExecuted="0" disconnected="0" warning="0" completed="0" inProgress="0" pending="0" />
    <Output>
      <StdOut>NUnit Adapter 4.5.0.0: Test execution started&#xD;
Running all tests in D:\Workspace_K\_Operation-Game-Studio\GameFramework\Unity_Oriented\_2_DistillationInto\ASCL_GameFramework_Lv1\DotNet\ASCL.Tests\bin\Debug\net8.0\ASCL.Tests.dll&#xD;
   NUnit3TestExecutor discovered 34 of 34 NUnit test cases using Current Discovery mode, Non-Explicit run&#xD;
NUnit Adapter 4.5.0.0: Test execution complete&#xD;
</StdOut>
    </Output>
  </ResultSummary>
</TestRun>