<?xml version="1.0" encoding="utf-8"?>
<TestRun id="82881cb4-2a11-4593-b864-be16c5f0aecf" name="Oliver@LAPTOP-JOMAOBPT 2026-09-19 14:52:16" runUser="LAPTOP-JOMAOBPT\Oliver" xmlns="http://microsoft.com/schemas/VisualStudio/TeamTest/2010">
  <Times creation="2026-09-19T14:52:16.6457183+09:00" queuing="2026-09-19T14:52:16.6457189+09:00" start="2026-09-19T14:52:15.5902144+09:00" finish="2026-09-19T14:52:16.8276560+09:00" />
  <TestSettings name="default" id="82dabd71-d834-46d0-b1f1-ff1d9571cf19">
    <Deployment runDeploymentRoot="Oliver_LAPTOP-JOMAOBPT_2026-09-19_14_52_16" />
  </TestSettings>
  <Results>
    <UnitTestResult executionId="fef479bb-ccbe-4945-903a-c9f90acf574f" testId="d11d1a96-af2b-e1d5-b81c-7d950c0ce29e" testName="RandomPreservesLegacySequenceAndRestoresWithoutReplaying(73129)" computerName="LAPTOP-JOMAOBPT" duration="00:00:00.0121220" startTime="2026-09-19T14:52:16.6127743+09:00" endTime="2026-09-19T14:52:16.6248958+09:00" testType="13cdc9d9-ddb5-4fa4-a97d-d965ccfc6d4b" outcome="Passed" testListId="8c84fa94-04c1-424b-9868-57a2d4851a1d" relativeResultsDirectory="fef479bb-ccbe-4945-903a-c9f90acf574f" />
    <UnitTestResult executionId="a6bf6c93-3800-4349-b496-15cfdd01329f" testId="bf82437f-313d-1328-f1bd-588e1d0b1fdf" testName="SchedulerCancellationRaceHasExactlyOneTerminalResult" computerName="LAPTOP-JOMAOBPT" duration="00:00:00.0046570" startTime="2026-09-19T14:52:16.6717821+09:00" endTime="2026-09-19T14:52:16.6764383+09:00" testType="13cdc9d9-ddb5-4fa4-a97d-d965ccfc6d4b" outcome="Passed" testListId="8c84fa94-04c1-424b-9868-57a2d4851a1d" relativeResultsDirectory="a6bf6c93-3800-4349-b496-15cfdd01329f" />
    <UnitTestResult executionId="151b88ed-dcca-4509-aa7d-dc49c412c3dd" testId="679e74c1-ccb0-8d82-9492-4c9fdb165d12" testName="TransactionBudgetsRollbackAlreadyEvaluatedEffects" computerName="LAPTOP-JOMAOBPT" duration="00:00:00.0008710" startTime="2026-09-19T14:52:16.6780440+09:00" endTime="2026-09-19T14:52:16.6789145+09:00" testType="13cdc9d9-ddb5-4fa4-a97d-d965ccfc6d4b" outcome="Passed" testListId="8c84fa94-04c1-424b-9868-57a2d4851a1d" relativeResultsDirectory="151b88ed-dcca-4509-aa7d-dc49c412c3dd" />
    <UnitTestResult executionId="23c332bf-2a14-4840-b4c9-ea2688b0caf1" testId="ab6f2abc-1efe-d70c-1038-f06b0b4670f2" testName="HandlesAreWorldScopedAndNeverResolveAfterRecreation" computerName="LAPTOP-JOMAOBPT" duration="00:00:00.0009500" startTime="2026-09-19T14:52:16.5825947+09:00" endTime="2026-09-19T14:52:16.5835443+09:00" testType="13cdc9d9-ddb5-4fa4-a97d-d965ccfc6d4b" outcome="Passed" testListId="8c84fa94-04c1-424b-9868-57a2d4851a1d" relativeResultsDirectory="23c332bf-2a14-4840-b4c9-ea2688b0caf1" />
    <UnitTestResult executionId="3f19df62-3dbb-4da4-8560-928fc26a8331" testId="2fcfe5fc-8c15-3c99-3d99-76558177dcdc" testName="RemovingEntityDuringTickDoesNotSkipFollowingEntity" computerName="LAPTOP-JOMAOBPT" duration="00:00:00.0015180" startTime="2026-09-19T14:52:16.5695404+09:00" endTime="2026-09-19T14:52:16.5710583+09:00" testType="13cdc9d9-ddb5-4fa4-a97d-d965ccfc6d4b" outcome="Passed" testListId="8c84fa94-04c1-424b-9868-57a2d4851a1d" relativeResultsDirectory="3f19df62-3dbb-4da4-8560-928fc26a8331" />
    <UnitTestResult executionId="87084f19-4574-4467-88a9-7931602d0417" testId="3bc2f251-0f5d-2f86-dd0a-dfcf5d136bd7" testName="AsyncEventsAreAwaitedInPriorityOrder" computerName="LAPTOP-JOMAOBPT" duration="00:00:00.0169640" startTime="2026-09-19T14:52:16.5050080+09:00" endTime="2026-09-19T14:52:16.5219190+09:00" testType="13cdc9d9-ddb5-4fa4-a97d-d965ccfc6d4b" outcome="Passed" testListId="8c84fa94-04c1-424b-9868-57a2d4851a1d" relativeResultsDirectory="87084f19-4574-4467-88a9-7931602d0417" />
    <UnitTestResult executionId="5981ce3d-fe70-4113-aee0-549692cc043d" testId="d2e2de2a-3766-d5d3-9854-58036706d130" testName="NumericPreservesIntegersAboveFloatPrecision" computerName="LAPTOP-JOMAOBPT" duration="00:00:00.0001090" startTime="2026-09-19T14:52:16.5848682+09:00" endTime="2026-09-19T14:52:16.5849767+09:00" testType="13cdc9d9-ddb5-4fa4-a97d-d965ccfc6d4b" outcome="Passed" testListId="8c84fa94-04c1-424b-9868-57a2d4851a1d" relativeResultsDirectory="5981ce3d-fe70-4113-aee0-549692cc043d" />
    <UnitTestResult executionId="b9de5d88-409f-4fdb-8453-8e5fba202e34" testId="94de488e-463e-46a1-3535-20bab06bf24d" testName="NotificationsObserveEveryCommittedTargetAndCannotUndoSuccess" computerName="LAPTOP-JOMAOBPT" duration="00:00:00.0012860" startTime="2026-09-19T14:52:16.5835681+09:00" endTime="2026-09-19T14:52:16.5848540+09:00" testType="13cdc9d9-ddb5-4fa4-a97d-d965ccfc6d4b" outcome="Passed" testListId="8c84fa94-04c1-424b-9868-57a2d4851a1d" relativeResultsDirectory="b9de5d88-409f-4fdb-8453-8e5fba202e34" />
    <UnitTestResult executionId="c463ed3b-0d7f-4c0b-bde1-ca2fd03261b0" testId="839a1202-af15-7d2a-ee7e-a6046f12f00d" testName="BuffCompositionRejectsCycles" computerName="LAPTOP-JOMAOBPT" duration="00:00:00.0038040" startTime="2026-09-19T14:52:16.5230390+09:00" endTime="2026-09-19T14:52:16.5268435+09:00" testType="13cdc9d9-ddb5-4fa4-a97d-d965ccfc6d4b" outcome="Passed" testListId="8c84fa94-04c1-424b-9868-57a2d4851a1d" relativeResultsDirectory="c463ed3b-0d7f-4c0b-bde1-ca2fd03261b0" />
    <UnitTestResult executionId="9161ff50-a67c-4331-b909-185d8073e364" testId="dcbeff99-cf3c-6601-3146-6cdd13ff8d04" testName="EntityHierarchyOwnsChildrenComponentsAndInvalidatesHandles" computerName="LAPTOP-JOMAOBPT" duration="00:00:00.0053940" startTime="2026-09-19T14:52:16.5579471+09:00" endTime="2026-09-19T14:52:16.5633411+09:00" testType="13cdc9d9-ddb5-4fa4-a97d-d965ccfc6d4b" outcome="Passed" testListId="8c84fa94-04c1-424b-9868-57a2d4851a1d" relativeResultsDirectory="9161ff50-a67c-4331-b909-185d8073e364" />
    <UnitTestResult executionId="e64f4ff6-23aa-43bd-9e53-cb8f754af66f" testId="62b96830-e796-aa4f-09cf-a840b33c5135" testName="RandomPreservesLegacySequenceAndRestoresWithoutReplaying(int.MinValue)" computerName="LAPTOP-JOMAOBPT" duration="00:00:00.0160850" startTime="2026-09-19T14:52:16.6403985+09:00" endTime="2026-09-19T14:52:16.6564833+09:00" testType="13cdc9d9-ddb5-4fa4-a97d-d965ccfc6d4b" outcome="Passed" testListId="8c84fa94-04c1-424b-9868-57a2d4851a1d" relativeResultsDirectory="e64f4ff6-23aa-43bd-9e53-cb8f754af66f" />
    <UnitTestResult executionId="e112e88e-24e3-455d-a5e2-6baf22a58db8" testId="321fbb37-84d6-97fc-e3eb-a5c80e7773bd" testName="SchedulerClearAndDisposeTerminateAllWaiters" computerName="LAPTOP-JOMAOBPT" duration="00:00:00.0013310" startTime="2026-09-19T14:52:16.6764625+09:00" endTime="2026-09-19T14:52:16.6777929+09:00" testType="13cdc9d9-ddb5-4fa4-a97d-d965ccfc6d4b" outcome="Passed" testListId="8c84fa94-04c1-424b-9868-57a2d4851a1d" relativeResultsDirectory="e112e88e-24e3-455d-a5e2-6baf22a58db8" />
    <UnitTestResult executionId="2c482aa9-ed5a-4460-ac94-5cdcb85609f9" testId="41d39e86-1324-b8f6-6bb6-f7ddaad064f2" testName="CompositeBuffRemovalOnlyRevertsItsChildStackContribution" computerName="LAPTOP-JOMAOBPT" duration="00:00:00.0310330" startTime="2026-09-19T14:52:16.5268786+09:00" endTime="2026-09-19T14:52:16.5579113+09:00" testType="13cdc9d9-ddb5-4fa4-a97d-d965ccfc6d4b" outcome="Passed" testListId="8c84fa94-04c1-424b-9868-57a2d4851a1d" relativeResultsDirectory="2c482aa9-ed5a-4460-ac94-5cdcb85609f9" />
    <UnitTestResult executionId="7e5f2feb-d973-4648-9c78-b18dbb2aabe7" testId="2c0b3f86-c8de-82a9-a7ec-6de25b02f610" testName="TurnPreviewIsPureAndCanRestoreSkippedFactionSequence" computerName="LAPTOP-JOMAOBPT" duration="00:00:00.0011869" startTime="2026-09-19T14:52:16.6813368+09:00" endTime="2026-09-19T14:52:16.6825238+09:00" testType="13cdc9d9-ddb5-4fa4-a97d-d965ccfc6d4b" outcome="Passed" testListId="8c84fa94-04c1-424b-9868-57a2d4851a1d" relativeResultsDirectory="7e5f2feb-d973-4648-9c78-b18dbb2aabe7" />
    <UnitTestResult executionId="e1becbfb-1580-4de4-9860-ce56e4e4d494" testId="df689e70-c84a-4112-7798-4fe81b701c0b" testName="AttachedFactoryCannotDestroyExistingOwnership" computerName="LAPTOP-JOMAOBPT" duration="00:00:00.0006560" startTime="2026-09-19T14:52:16.5788443+09:00" endTime="2026-09-19T14:52:16.5795006+09:00" testType="13cdc9d9-ddb5-4fa4-a97d-d965ccfc6d4b" outcome="Passed" testListId="8c84fa94-04c1-424b-9868-57a2d4851a1d" relativeResultsDirectory="e1becbfb-1580-4de4-9860-ce56e4e4d494" />
    <UnitTestResult executionId="1bd5f01b-30a0-490e-8de3-144b86e46fa9" testId="5f1726bd-f662-b6bf-26c5-9ef77dc56bd4" testName="RandomPreservesLegacySequenceAndRestoresWithoutReplaying(0)" computerName="LAPTOP-JOMAOBPT" duration="00:00:00.0277470" startTime="2026-09-19T14:52:16.5850065+09:00" endTime="2026-09-19T14:52:16.6127529+09:00" testType="13cdc9d9-ddb5-4fa4-a97d-d965ccfc6d4b" outcome="Passed" testListId="8c84fa94-04c1-424b-9868-57a2d4851a1d" relativeResultsDirectory="1bd5f01b-30a0-490e-8de3-144b86e46fa9" />
    <UnitTestResult executionId="efc47a77-9234-4b94-86f9-d84661849f83" testId="97b3542b-6981-1b39-14cb-aeea063edd6a" testName="SchedulerRejectsForeignTimerHandles" computerName="LAPTOP-JOMAOBPT" duration="00:00:00.0002160" startTime="2026-09-19T14:52:16.6778154+09:00" endTime="2026-09-19T14:52:16.6780311+09:00" testType="13cdc9d9-ddb5-4fa4-a97d-d965ccfc6d4b" outcome="Passed" testListId="8c84fa94-04c1-424b-9868-57a2d4851a1d" relativeResultsDirectory="efc47a77-9234-4b94-86f9-d84661849f83" />
    <UnitTestResult executionId="5064bdc1-6eb0-4e04-b28a-d3d7a4c61d4c" testId="d80520b1-2c2d-a07e-fa8e-fec67e99f16c" testName="RandomPreservesLegacySequenceAndRestoresWithoutReplaying(-1)" computerName="LAPTOP-JOMAOBPT" duration="00:00:00.0154050" startTime="2026-09-19T14:52:16.6249236+09:00" endTime="2026-09-19T14:52:16.6403279+09:00" testType="13cdc9d9-ddb5-4fa4-a97d-d965ccfc6d4b" outcome="Passed" testListId="8c84fa94-04c1-424b-9868-57a2d4851a1d" relativeResultsDirectory="5064bdc1-6eb0-4e04-b28a-d3d7a4c61d4c" />
    <UnitTestResult executionId="12fc48ea-afdc-466f-9e39-7fdee595458b" testId="dba076cc-f26d-d9cf-1a4a-06ba837d0159" testName="NumericFormulaAndBatchEmitOneFinalNotification" computerName="LAPTOP-JOMAOBPT" duration="00:00:00.0017470" startTime="2026-09-19T14:52:16.5677720+09:00" endTime="2026-09-19T14:52:16.5695184+09:00" testType="13cdc9d9-ddb5-4fa4-a97d-d965ccfc6d4b" outcome="Passed" testListId="8c84fa94-04c1-424b-9868-57a2d4851a1d" relativeResultsDirectory="12fc48ea-afdc-466f-9e39-7fdee595458b" />
    <UnitTestResult executionId="9d3a4c91-7420-4064-bdf3-c87e1256ff92" testId="1560834d-60a5-ade1-91fd-fc9873010bdf" testName="SchedulerIsStableAndCancellationSafe" computerName="LAPTOP-JOMAOBPT" duration="00:00:00.0018070" startTime="2026-09-19T14:52:16.5719522+09:00" endTime="2026-09-19T14:52:16.5737589+09:00" testType="13cdc9d9-ddb5-4fa4-a97d-d965ccfc6d4b" outcome="Passed" testListId="8c84fa94-04c1-424b-9868-57a2d4851a1d" relativeResultsDirectory="9d3a4c91-7420-4064-bdf3-c87e1256ff92" />
    <UnitTestResult executionId="8d23bfe0-3947-4bcd-9519-0ed401d25404" testId="d42bca39-41da-d4d2-e358-3fe046e0652f" testName="RandomPreservesLegacySequenceAndRestoresWithoutReplaying(int.MaxValue)" computerName="LAPTOP-JOMAOBPT" duration="00:00:00.0151990" startTime="2026-09-19T14:52:16.6565091+09:00" endTime="2026-09-19T14:52:16.6717081+09:00" testType="13cdc9d9-ddb5-4fa4-a97d-d965ccfc6d4b" outcome="Passed" testListId="8c84fa94-04c1-424b-9868-57a2d4851a1d" relativeResultsDirectory="8d23bfe0-3947-4bcd-9519-0ed401d25404" />
    <UnitTestResult executionId="144bd232-5c5f-48ac-96eb-cef5863fcab7" testId="2e4d312a-61d2-5cda-a6ff-4b66e94fa463" testName="ReusableCharBufferDoesNotGrowAndFormatsWithoutStringCreation" computerName="LAPTOP-JOMAOBPT" duration="00:00:00.0008270" startTime="2026-09-19T14:52:16.5711120+09:00" endTime="2026-09-19T14:52:16.5719393+09:00" testType="13cdc9d9-ddb5-4fa4-a97d-d965ccfc6d4b" outcome="Passed" testListId="8c84fa94-04c1-424b-9868-57a2d4851a1d" relativeResultsDirectory="144bd232-5c5f-48ac-96eb-cef5863fcab7" />
    <UnitTestResult executionId="09f22d52-9f85-444c-a65e-9cfe087c3963" testId="18ec960e-5bfd-5866-cd55-7286ee0ac2ef" testName="BuffStateAndModifiersRollbackTogether" computerName="LAPTOP-JOMAOBPT" duration="00:00:00.0020220" startTime="2026-09-19T14:52:16.5795155+09:00" endTime="2026-09-19T14:52:16.5815375+09:00" testType="13cdc9d9-ddb5-4fa4-a97d-d965ccfc6d4b" outcome="Passed" testListId="8c84fa94-04c1-424b-9868-57a2d4851a1d" relativeResultsDirectory="09f22d52-9f85-444c-a65e-9cfe087c3963" />
    <UnitTestResult executionId="d7ad534c-9527-4ac8-b245-b454e0500116" testId="4d9ae36c-dead-ef14-6ea9-69044f713765" testName="FailedInitializationAndCleanupReleaseTheWholeOwnershipTree" computerName="LAPTOP-JOMAOBPT" duration="00:00:00.0010169" startTime="2026-09-19T14:52:16.5815635+09:00" endTime="2026-09-19T14:52:16.5825803+09:00" testType="13cdc9d9-ddb5-4fa4-a97d-d965ccfc6d4b" outcome="Passed" testListId="8c84fa94-04c1-424b-9868-57a2d4851a1d" relativeResultsDirectory="d7ad534c-9527-4ac8-b245-b454e0500116" />
    <UnitTestResult executionId="78b4637c-78b1-4794-8b67-4bebf3b99a34" testId="4ff92b35-2c9c-3983-336e-1b17b016d705" testName="EventScopeUsesStablePriorityAndSafeSelfRemoval" computerName="LAPTOP-JOMAOBPT" duration="00:00:00.0007220" startTime="2026-09-19T14:52:16.5659098+09:00" endTime="2026-09-19T14:52:16.5666316+09:00" testType="13cdc9d9-ddb5-4fa4-a97d-d965ccfc6d4b" outcome="Passed" testListId="8c84fa94-04c1-424b-9868-57a2d4851a1d" relativeResultsDirectory="78b4637c-78b1-4794-8b67-4bebf3b99a34" />
    <UnitTestResult executionId="a4515c63-a978-4f7a-aa83-d4e5f25454a0" testId="7922d228-8b5a-ada1-c65a-5e0279249b78" testName="SaveRoundTripCreatesJsonAndRecoversBackup" computerName="LAPTOP-JOMAOBPT" duration="00:00:00.0199710" startTime="2026-09-19T14:52:16.7397168+09:00" endTime="2026-09-19T14:52:16.7596872+09:00" testType="13cdc9d9-ddb5-4fa4-a97d-d965ccfc6d4b" outcome="Passed" testListId="8c84fa94-04c1-424b-9868-57a2d4851a1d" relativeResultsDirectory="a4515c63-a978-4f7a-aa83-d4e5f25454a0" />
    <UnitTestResult executionId="a38f8764-efa1-4fea-b994-8a05b8d535e8" testId="30d540e1-37e6-8b29-2b88-6174e22d8b83" testName="EventSubscriptionDuringPublishStartsNextPublishInPriorityOrder" computerName="LAPTOP-JOMAOBPT" duration="00:00:00.0011010" startTime="2026-09-19T14:52:16.5666513+09:00" endTime="2026-09-19T14:52:16.5677518+09:00" testType="13cdc9d9-ddb5-4fa4-a97d-d965ccfc6d4b" outcome="Passed" testListId="8c84fa94-04c1-424b-9868-57a2d4851a1d" relativeResultsDirectory="a38f8764-efa1-4fea-b994-8a05b8d535e8" />
    <UnitTestResult executionId="545c4d48-ebe5-424d-a86f-2f06eee7508e" testId="78a58bd6-99cb-7521-8251-027bcca658a0" testName="FutureVersionIsRejectedWithoutFallback" computerName="LAPTOP-JOMAOBPT" duration="00:00:00.0570270" startTime="2026-09-19T14:52:16.6826418+09:00" endTime="2026-09-19T14:52:16.7396684+09:00" testType="13cdc9d9-ddb5-4fa4-a97d-d965ccfc6d4b" outcome="Passed" testListId="8c84fa94-04c1-424b-9868-57a2d4851a1d" relativeResultsDirectory="545c4d48-ebe5-424d-a86f-2f06eee7508e" />
    <UnitTestResult executionId="ffab8abf-2cf8-4f6c-8ef9-4b98579399d8" testId="a582030f-bcb7-48f7-8ecf-b51cfd81a275" testName="SkillAppliesAndStacksBuffWithOwnedNumericModifier" computerName="LAPTOP-JOMAOBPT" duration="00:00:00.0016290" startTime="2026-09-19T14:52:16.5737736+09:00" endTime="2026-09-19T14:52:16.5754023+09:00" testType="13cdc9d9-ddb5-4fa4-a97d-d965ccfc6d4b" outcome="Passed" testListId="8c84fa94-04c1-424b-9868-57a2d4851a1d" relativeResultsDirectory="ffab8abf-2cf8-4f6c-8ef9-4b98579399d8" />
    <UnitTestResult executionId="8ea697ae-e1df-47e7-b4a9-21b4b650347b" testId="e9b94bd7-ceb1-66aa-7636-e3e577ab129f" testName="SourceGeneratorBuildsExplicitAotRegistry" computerName="LAPTOP-JOMAOBPT" duration="00:00:00.0004820" startTime="2026-09-19T14:52:16.5754166+09:00" endTime="2026-09-19T14:52:16.5758983+09:00" testType="13cdc9d9-ddb5-4fa4-a97d-d965ccfc6d4b" outcome="Passed" testListId="8c84fa94-04c1-424b-9868-57a2d4851a1d" relativeResultsDirectory="8ea697ae-e1df-47e7-b4a9-21b4b650347b" />
    <UnitTestResult executionId="f4882763-a293-4d1e-bf62-ed35549ae7da" testId="3e5f10ff-6de1-42db-902e-e42a6a593807" testName="EntityLifetimeDisposesTrackedEventSubscription" computerName="LAPTOP-JOMAOBPT" duration="00:00:00.0025090" startTime="2026-09-19T14:52:16.5633729+09:00" endTime="2026-09-19T14:52:16.5658811+09:00" testType="13cdc9d9-ddb5-4fa4-a97d-d965ccfc6d4b" outcome="Passed" testListId="8c84fa94-04c1-424b-9868-57a2d4851a1d" relativeResultsDirectory="f4882763-a293-4d1e-bf62-ed35549ae7da" />
    <UnitTestResult executionId="bca80e99-696b-4c52-82c1-56f9d3b4ea02" testId="eeae625e-cc89-20b7-e81e-903797725829" testName="TransactionFailureAndCancellationDoNotPublishOrMutate" computerName="LAPTOP-JOMAOBPT" duration="00:00:00.0023800" startTime="2026-09-19T14:52:16.6789342+09:00" endTime="2026-09-19T14:52:16.6813142+09:00" testType="13cdc9d9-ddb5-4fa4-a97d-d965ccfc6d4b" outcome="Passed" testListId="8c84fa94-04c1-424b-9868-57a2d4851a1d" relativeResultsDirectory="bca80e99-696b-4c52-82c1-56f9d3b4ea02" />
  </Results>
  <TestDefinitions>
    <UnitTest name="FailedInitializationAndCleanupReleaseTheWholeOwnershipTree" storage="d:\workspace_k\_operation-game-studio\gameframework\unity_oriented\_2_distillationinto\ascl_gameframework_lv1\dotnet\ascl.tests\bin\debug\net8.0\ascl.tests.dll" id="4d9ae36c-dead-ef14-6ea9-69044f713765">
      <Execution id="d7ad534c-9527-4ac8-b245-b454e0500116" />
      <TestMethod codeBase="D:\Workspace_K\_Operation-Game-Studio\GameFramework\Unity_Oriented\_2_DistillationInto\ASCL_GameFramework_Lv1\DotNet\ASCL.Tests\bin\Debug\net8.0\ASCL.Tests.dll" adapterTypeName="executor://nunit3testexecutor/" className="ASCL.Tests.IntegrationFoundationTests" name="FailedInitializationAndCleanupReleaseTheWholeOwnershipTree" />
    </UnitTest>
    <UnitTest name="RandomPreservesLegacySequenceAndRestoresWithoutReplaying(int.MinValue)" storage="d:\workspace_k\_operation-game-studio\gameframework\unity_oriented\_2_distillationinto\ascl_gameframework_lv1\dotnet\ascl.tests\bin\debug\net8.0\ascl.tests.dll" id="62b96830-e796-aa4f-09cf-a840b33c5135">
      <Execution id="e64f4ff6-23aa-43bd-9e53-cb8f754af66f" />
      <TestMethod codeBase="D:\Workspace_K\_Operation-Game-Studio\GameFramework\Unity_Oriented\_2_DistillationInto\ASCL_GameFramework_Lv1\DotNet\ASCL.Tests\bin\Debug\net8.0\ASCL.Tests.dll" adapterTypeName="executor://nunit3testexecutor/" className="ASCL.Tests.IntegrationFoundationTests" name="RandomPreservesLegacySequenceAndRestoresWithoutReplaying(int.MinValue)" />
    </UnitTest>
    <UnitTest name="SchedulerRejectsForeignTimerHandles" storage="d:\workspace_k\_operation-game-studio\gameframework\unity_oriented\_2_distillationinto\ascl_gameframework_lv1\dotnet\ascl.tests\bin\debug\net8.0\ascl.tests.dll" id="97b3542b-6981-1b39-14cb-aeea063edd6a">
      <Execution id="efc47a77-9234-4b94-86f9-d84661849f83" />
      <TestMethod codeBase="D:\Workspace_K\_Operation-Game-Studio\GameFramework\Unity_Oriented\_2_DistillationInto\ASCL_GameFramework_Lv1\DotNet\ASCL.Tests\bin\Debug\net8.0\ASCL.Tests.dll" adapterTypeName="executor://nunit3testexecutor/" className="ASCL.Tests.IntegrationFoundationTests" name="SchedulerRejectsForeignTimerHandles" />
    </UnitTest>
    <UnitTest name="BuffCompositionRejectsCycles" storage="d:\workspace_k\_operation-game-studio\gameframework\unity_oriented\_2_distillationinto\ascl_gameframework_lv1\dotnet\ascl.tests\bin\debug\net8.0\ascl.tests.dll" id="839a1202-af15-7d2a-ee7e-a6046f12f00d">
      <Execution id="c463ed3b-0d7f-4c0b-bde1-ca2fd03261b0" />
      <TestMethod codeBase="D:\Workspace_K\_Operation-Game-Studio\GameFramework\Unity_Oriented\_2_DistillationInto\ASCL_GameFramework_Lv1\DotNet\ASCL.Tests\bin\Debug\net8.0\ASCL.Tests.dll" adapterTypeName="executor://nunit3testexecutor/" className="ASCL.Tests.CoreFrameworkTests" name="BuffCompositionRejectsCycles" />
    </UnitTest>
    <UnitTest name="RandomPreservesLegacySequenceAndRestoresWithoutReplaying(int.MaxValue)" storage="d:\workspace_k\_operation-game-studio\gameframework\unity_oriented\_2_distillationinto\ascl_gameframework_lv1\dotnet\ascl.tests\bin\debug\net8.0\ascl.tests.dll" id="d42bca39-41da-d4d2-e358-3fe046e0652f">
      <Execution id="8d23bfe0-3947-4bcd-9519-0ed401d25404" />
      <TestMethod codeBase="D:\Workspace_K\_Operation-Game-Studio\GameFramework\Unity_Oriented\_2_DistillationInto\ASCL_GameFramework_Lv1\DotNet\ASCL.Tests\bin\Debug\net8.0\ASCL.Tests.dll" adapterTypeName="executor://nunit3testexecutor/" className="ASCL.Tests.IntegrationFoundationTests" name="RandomPreservesLegacySequenceAndRestoresWithoutReplaying(int.MaxValue)" />
    </UnitTest>
    <UnitTest name="EventSubscriptionDuringPublishStartsNextPublishInPriorityOrder" storage="d:\workspace_k\_operation-game-studio\gameframework\unity_oriented\_2_distillationinto\ascl_gameframework_lv1\dotnet\ascl.tests\bin\debug\net8.0\ascl.tests.dll" id="30d540e1-37e6-8b29-2b88-6174e22d8b83">
      <Execution id="a38f8764-efa1-4fea-b994-8a05b8d535e8" />
      <TestMethod codeBase="D:\Workspace_K\_Operation-Game-Studio\GameFramework\Unity_Oriented\_2_DistillationInto\ASCL_GameFramework_Lv1\DotNet\ASCL.Tests\bin\Debug\net8.0\ASCL.Tests.dll" adapterTypeName="executor://nunit3testexecutor/" className="ASCL.Tests.CoreFrameworkTests" name="EventSubscriptionDuringPublishStartsNextPublishInPriorityOrder" />
    </UnitTest>
    <UnitTest name="RandomPreservesLegacySequenceAndRestoresWithoutReplaying(73129)" storage="d:\workspace_k\_operation-game-studio\gameframework\unity_oriented\_2_distillationinto\ascl_gameframework_lv1\dotnet\ascl.tests\bin\debug\net8.0\ascl.tests.dll" id="d11d1a96-af2b-e1d5-b81c-7d950c0ce29e">
      <Execution id="fef479bb-ccbe-4945-903a-c9f90acf574f" />
      <TestMethod codeBase="D:\Workspace_K\_Operation-Game-Studio\GameFramework\Unity_Oriented\_2_DistillationInto\ASCL_GameFramework_Lv1\DotNet\ASCL.Tests\bin\Debug\net8.0\ASCL.Tests.dll" adapterTypeName="executor://nunit3testexecutor/" className="ASCL.Tests.IntegrationFoundationTests" name="RandomPreservesLegacySequenceAndRestoresWithoutReplaying(73129)" />
    </UnitTest>
    <UnitTest name="AsyncEventsAreAwaitedInPriorityOrder" storage="d:\workspace_k\_operation-game-studio\gameframework\unity_oriented\_2_distillationinto\ascl_gameframework_lv1\dotnet\ascl.tests\bin\debug\net8.0\ascl.tests.dll" id="3bc2f251-0f5d-2f86-dd0a-dfcf5d136bd7">
      <Execution id="87084f19-4574-4467-88a9-7931602d0417" />
      <TestMethod codeBase="D:\Workspace_K\_Operation-Game-Studio\GameFramework\Unity_Oriented\_2_DistillationInto\ASCL_GameFramework_Lv1\DotNet\ASCL.Tests\bin\Debug\net8.0\ASCL.Tests.dll" adapterTypeName="executor://nunit3testexecutor/" className="ASCL.Tests.CoreFrameworkTests" name="AsyncEventsAreAwaitedInPriorityOrder" />
    </UnitTest>
    <UnitTest name="SkillAppliesAndStacksBuffWithOwnedNumericModifier" storage="d:\workspace_k\_operation-game-studio\gameframework\unity_oriented\_2_distillationinto\ascl_gameframework_lv1\dotnet\ascl.tests\bin\debug\net8.0\ascl.tests.dll" id="a582030f-bcb7-48f7-8ecf-b51cfd81a275">
      <Execution id="ffab8abf-2cf8-4f6c-8ef9-4b98579399d8" />
      <TestMethod codeBase="D:\Workspace_K\_Operation-Game-Studio\GameFramework\Unity_Oriented\_2_DistillationInto\ASCL_GameFramework_Lv1\DotNet\ASCL.Tests\bin\Debug\net8.0\ASCL.Tests.dll" adapterTypeName="executor://nunit3testexecutor/" className="ASCL.Tests.CoreFrameworkTests" name="SkillAppliesAndStacksBuffWithOwnedNumericModifier" />
    </UnitTest>
    <UnitTest name="SchedulerCancellationRaceHasExactlyOneTerminalResult" storage="d:\workspace_k\_operation-game-studio\gameframework\unity_oriented\_2_distillationinto\ascl_gameframework_lv1\dotnet\ascl.tests\bin\debug\net8.0\ascl.tests.dll" id="bf82437f-313d-1328-f1bd-588e1d0b1fdf">
      <Execution id="a6bf6c93-3800-4349-b496-15cfdd01329f" />
      <TestMethod codeBase="D:\Workspace_K\_Operation-Game-Studio\GameFramework\Unity_Oriented\_2_DistillationInto\ASCL_GameFramework_Lv1\DotNet\ASCL.Tests\bin\Debug\net8.0\ASCL.Tests.dll" adapterTypeName="executor://nunit3testexecutor/" className="ASCL.Tests.IntegrationFoundationTests" name="SchedulerCancellationRaceHasExactlyOneTerminalResult" />
    </UnitTest>
    <UnitTest name="SchedulerClearAndDisposeTerminateAllWaiters" storage="d:\workspace_k\_operation-game-studio\gameframework\unity_oriented\_2_distillationinto\ascl_gameframework_lv1\dotnet\ascl.tests\bin\debug\net8.0\ascl.tests.dll" id="321fbb37-84d6-97fc-e3eb-a5c80e7773bd">
      <Execution id="e112e88e-24e3-455d-a5e2-6baf22a58db8" />
      <TestMethod codeBase="D:\Workspace_K\_Operation-Game-Studio\GameFramework\Unity_Oriented\_2_DistillationInto\ASCL_GameFramework_Lv1\DotNet\ASCL.Tests\bin\Debug\net8.0\ASCL.Tests.dll" adapterTypeName="executor://nunit3testexecutor/" className="ASCL.Tests.IntegrationFoundationTests" name="SchedulerClearAndDisposeTerminateAllWaiters" />
    </UnitTest>
    <UnitTest name="EntityLifetimeDisposesTrackedEventSubscription" storage="d:\workspace_k\_operation-game-studio\gameframework\unity_oriented\_2_distillationinto\ascl_gameframework_lv1\dotnet\ascl.tests\bin\debug\net8.0\ascl.tests.dll" id="3e5f10ff-6de1-42db-902e-e42a6a593807">
      <Execution id="f4882763-a293-4d1e-bf62-ed35549ae7da" />
      <TestMethod codeBase="D:\Workspace_K\_Operation-Game-Studio\GameFramework\Unity_Oriented\_2_DistillationInto\ASCL_GameFramework_Lv1\DotNet\ASCL.Tests\bin\Debug\net8.0\ASCL.Tests.dll" adapterTypeName="executor://nunit3testexecutor/" className="ASCL.Tests.CoreFrameworkTests" name="EntityLifetimeDisposesTrackedEventSubscription" />
    </UnitTest>
    <UnitTest name="SchedulerIsStableAndCancellationSafe" storage="d:\workspace_k\_operation-game-studio\gameframework\unity_oriented\_2_distillationinto\ascl_gameframework_lv1\dotnet\ascl.tests\bin\debug\net8.0\ascl.tests.dll" id="1560834d-60a5-ade1-91fd-fc9873010bdf">
      <Execution id="9d3a4c91-7420-4064-bdf3-c87e1256ff92" />
      <TestMethod codeBase="D:\Workspace_K\_Operation-Game-Studio\GameFramework\Unity_Oriented\_2_DistillationInto\ASCL_GameFramework_Lv1\DotNet\ASCL.Tests\bin\Debug\net8.0\ASCL.Tests.dll" adapterTypeName="executor://nunit3testexecutor/" className="ASCL.Tests.CoreFrameworkTests" name="SchedulerIsStableAndCancellationSafe" />
    </UnitTest>
    <UnitTest name="SaveRoundTripCreatesJsonAndRecoversBackup" storage="d:\workspace_k\_operation-game-studio\gameframework\unity_oriented\_2_distillationinto\ascl_gameframework_lv1\dotnet\ascl.tests\bin\debug\net8.0\ascl.tests.dll" id="7922d228-8b5a-ada1-c65a-5e0279249b78">
      <Execution id="a4515c63-a978-4f7a-aa83-d4e5f25454a0" />
      <TestMethod codeBase="D:\Workspace_K\_Operation-Game-Studio\GameFramework\Unity_Oriented\_2_DistillationInto\ASCL_GameFramework_Lv1\DotNet\ASCL.Tests\bin\Debug\net8.0\ASCL.Tests.dll" adapterTypeName="executor://nunit3testexecutor/" className="ASCL.Tests.PersistenceTests" name="SaveRoundTripCreatesJsonAndRecoversBackup" />
    </UnitTest>
    <UnitTest name="AttachedFactoryCannotDestroyExistingOwnership" storage="d:\workspace_k\_operation-game-studio\gameframework\unity_oriented\_2_distillationinto\ascl_gameframework_lv1\dotnet\ascl.tests\bin\debug\net8.0\ascl.tests.dll" id="df689e70-c84a-4112-7798-4fe81b701c0b">
      <Execution id="e1becbfb-1580-4de4-9860-ce56e4e4d494" />
      <TestMethod codeBase="D:\Workspace_K\_Operation-Game-Studio\GameFramework\Unity_Oriented\_2_DistillationInto\ASCL_GameFramework_Lv1\DotNet\ASCL.Tests\bin\Debug\net8.0\ASCL.Tests.dll" adapterTypeName="executor://nunit3testexecutor/" className="ASCL.Tests.IntegrationFoundationTests" name="AttachedFactoryCannotDestroyExistingOwnership" />
    </UnitTest>
    <UnitTest name="EntityHierarchyOwnsChildrenComponentsAndInvalidatesHandles" storage="d:\workspace_k\_operation-game-studio\gameframework\unity_oriented\_2_distillationinto\ascl_gameframework_lv1\dotnet\ascl.tests\bin\debug\net8.0\ascl.tests.dll" id="dcbeff99-cf3c-6601-3146-6cdd13ff8d04">
      <Execution id="9161ff50-a67c-4331-b909-185d8073e364" />
      <TestMethod codeBase="D:\Workspace_K\_Operation-Game-Studio\GameFramework\Unity_Oriented\_2_DistillationInto\ASCL_GameFramework_Lv1\DotNet\ASCL.Tests\bin\Debug\net8.0\ASCL.Tests.dll" adapterTypeName="executor://nunit3testexecutor/" className="ASCL.Tests.CoreFrameworkTests" name="EntityHierarchyOwnsChildrenComponentsAndInvalidatesHandles" />
    </UnitTest>
    <UnitTest name="BuffStateAndModifiersRollbackTogether" storage="d:\workspace_k\_operation-game-studio\gameframework\unity_oriented\_2_distillationinto\ascl_gameframework_lv1\dotnet\ascl.tests\bin\debug\net8.0\ascl.tests.dll" id="18ec960e-5bfd-5866-cd55-7286ee0ac2ef">
      <Execution id="09f22d52-9f85-444c-a65e-9cfe087c3963" />
      <TestMethod codeBase="D:\Workspace_K\_Operation-Game-Studio\GameFramework\Unity_Oriented\_2_DistillationInto\ASCL_GameFramework_Lv1\DotNet\ASCL.Tests\bin\Debug\net8.0\ASCL.Tests.dll" adapterTypeName="executor://nunit3testexecutor/" className="ASCL.Tests.IntegrationFoundationTests" name="BuffStateAndModifiersRollbackTogether" />
    </UnitTest>
    <UnitTest name="EventScopeUsesStablePriorityAndSafeSelfRemoval" storage="d:\workspace_k\_operation-game-studio\gameframework\unity_oriented\_2_distillationinto\ascl_gameframework_lv1\dotnet\ascl.tests\bin\debug\net8.0\ascl.tests.dll" id="4ff92b35-2c9c-3983-336e-1b17b016d705">
      <Execution id="78b4637c-78b1-4794-8b67-4bebf3b99a34" />
      <TestMethod codeBase="D:\Workspace_K\_Operation-Game-Studio\GameFramework\Unity_Oriented\_2_DistillationInto\ASCL_GameFramework_Lv1\DotNet\ASCL.Tests\bin\Debug\net8.0\ASCL.Tests.dll" adapterTypeName="executor://nunit3testexecutor/" className="ASCL.Tests.CoreFrameworkTests" name="EventScopeUsesStablePriorityAndSafeSelfRemoval" />
    </UnitTest>
    <UnitTest name="NumericFormulaAndBatchEmitOneFinalNotification" storage="d:\workspace_k\_operation-game-studio\gameframework\unity_oriented\_2_distillationinto\ascl_gameframework_lv1\dotnet\ascl.tests\bin\debug\net8.0\ascl.tests.dll" id="dba076cc-f26d-d9cf-1a4a-06ba837d0159">
      <Execution id="12fc48ea-afdc-466f-9e39-7fdee595458b" />
      <TestMethod codeBase="D:\Workspace_K\_Operation-Game-Studio\GameFramework\Unity_Oriented\_2_DistillationInto\ASCL_GameFramework_Lv1\DotNet\ASCL.Tests\bin\Debug\net8.0\ASCL.Tests.dll" adapterTypeName="executor://nunit3testexecutor/" className="ASCL.Tests.CoreFrameworkTests" name="NumericFormulaAndBatchEmitOneFinalNotification" />
    </UnitTest>
    <UnitTest name="TurnPreviewIsPureAndCanRestoreSkippedFactionSequence" storage="d:\workspace_k\_operation-game-studio\gameframework\unity_oriented\_2_distillationinto\ascl_gameframework_lv1\dotnet\ascl.tests\bin\debug\net8.0\ascl.tests.dll" id="2c0b3f86-c8de-82a9-a7ec-6de25b02f610">
      <Execution id="7e5f2feb-d973-4648-9c78-b18dbb2aabe7" />
      <TestMethod codeBase="D:\Workspace_K\_Operation-Game-Studio\GameFramework\Unity_Oriented\_2_DistillationInto\ASCL_GameFramework_Lv1\DotNet\ASCL.Tests\bin\Debug\net8.0\ASCL.Tests.dll" adapterTypeName="executor://nunit3testexecutor/" className="ASCL.Tests.IntegrationFoundationTests" name="TurnPreviewIsPureAndCanRestoreSkippedFactionSequence" />
    </UnitTest>
    <UnitTest name="SourceGeneratorBuildsExplicitAotRegistry" storage="d:\workspace_k\_operation-game-studio\gameframework\unity_oriented\_2_distillationinto\ascl_gameframework_lv1\dotnet\ascl.tests\bin\debug\net8.0\ascl.tests.dll" id="e9b94bd7-ceb1-66aa-7636-e3e577ab129f">
      <Execution id="8ea697ae-e1df-47e7-b4a9-21b4b650347b" />
      <TestMethod codeBase="D:\Workspace_K\_Operation-Game-Studio\GameFramework\Unity_Oriented\_2_DistillationInto\ASCL_GameFramework_Lv1\DotNet\ASCL.Tests\bin\Debug\net8.0\ASCL.Tests.dll" adapterTypeName="executor://nunit3testexecutor/" className="ASCL.Tests.CoreFrameworkTests" name="SourceGeneratorBuildsExplicitAotRegistry" />
    </UnitTest>
    <UnitTest name="HandlesAreWorldScopedAndNeverResolveAfterRecreation" storage="d:\workspace_k\_operation-game-studio\gameframework\unity_oriented\_2_distillationinto\ascl_gameframework_lv1\dotnet\ascl.tests\bin\debug\net8.0\ascl.tests.dll" id="ab6f2abc-1efe-d70c-1038-f06b0b4670f2">
      <Execution id="23c332bf-2a14-4840-b4c9-ea2688b0caf1" />
      <TestMethod codeBase="D:\Workspace_K\_Operation-Game-Studio\GameFramework\Unity_Oriented\_2_DistillationInto\ASCL_GameFramework_Lv1\DotNet\ASCL.Tests\bin\Debug\net8.0\ASCL.Tests.dll" adapterTypeName="executor://nunit3testexecutor/" className="ASCL.Tests.IntegrationFoundationTests" name="HandlesAreWorldScopedAndNeverResolveAfterRecreation" />
    </UnitTest>
    <UnitTest name="RemovingEntityDuringTickDoesNotSkipFollowingEntity" storage="d:\workspace_k\_operation-game-studio\gameframework\unity_oriented\_2_distillationinto\ascl_gameframework_lv1\dotnet\ascl.tests\bin\debug\net8.0\ascl.tests.dll" id="2fcfe5fc-8c15-3c99-3d99-76558177dcdc">
      <Execution id="3f19df62-3dbb-4da4-8560-928fc26a8331" />
      <TestMethod codeBase="D:\Workspace_K\_Operation-Game-Studio\GameFramework\Unity_Oriented\_2_DistillationInto\ASCL_GameFramework_Lv1\DotNet\ASCL.Tests\bin\Debug\net8.0\ASCL.Tests.dll" adapterTypeName="executor://nunit3testexecutor/" className="ASCL.Tests.CoreFrameworkTests" name="RemovingEntityDuringTickDoesNotSkipFollowingEntity" />
    </UnitTest>
    <UnitTest name="FutureVersionIsRejectedWithoutFallback" storage="d:\workspace_k\_operation-game-studio\gameframework\unity_oriented\_2_distillationinto\ascl_gameframework_lv1\dotnet\ascl.tests\bin\debug\net8.0\ascl.tests.dll" id="78a58bd6-99cb-7521-8251-027bcca658a0">
      <Execution id="545c4d48-ebe5-424d-a86f-2f06eee7508e" />
      <TestMethod codeBase="D:\Workspace_K\_Operation-Game-Studio\GameFramework\Unity_Oriented\_2_DistillationInto\ASCL_GameFramework_Lv1\DotNet\ASCL.Tests\bin\Debug\net8.0\ASCL.Tests.dll" adapterTypeName="executor://nunit3testexecutor/" className="ASCL.Tests.PersistenceTests" name="FutureVersionIsRejectedWithoutFallback" />
    </UnitTest>
    <UnitTest name="ReusableCharBufferDoesNotGrowAndFormatsWithoutStringCreation" storage="d:\workspace_k\_operation-game-studio\gameframework\unity_oriented\_2_distillationinto\ascl_gameframework_lv1\dotnet\ascl.tests\bin\debug\net8.0\ascl.tests.dll" id="2e4d312a-61d2-5cda-a6ff-4b66e94fa463">
      <Execution id="144bd232-5c5f-48ac-96eb-cef5863fcab7" />
      <TestMethod codeBase="D:\Workspace_K\_Operation-Game-Studio\GameFramework\Unity_Oriented\_2_DistillationInto\ASCL_GameFramework_Lv1\DotNet\ASCL.Tests\bin\Debug\net8.0\ASCL.Tests.dll" adapterTypeName="executor://nunit3testexecutor/" className="ASCL.Tests.CoreFrameworkTests" name="ReusableCharBufferDoesNotGrowAndFormatsWithoutStringCreation" />
    </UnitTest>
    <UnitTest name="TransactionFailureAndCancellationDoNotPublishOrMutate" storage="d:\workspace_k\_operation-game-studio\gameframework\unity_oriented\_2_distillationinto\ascl_gameframework_lv1\dotnet\ascl.tests\bin\debug\net8.0\ascl.tests.dll" id="eeae625e-cc89-20b7-e81e-903797725829">
      <Execution id="bca80e99-696b-4c52-82c1-56f9d3b4ea02" />
      <TestMethod codeBase="D:\Workspace_K\_Operation-Game-Studio\GameFramework\Unity_Oriented\_2_DistillationInto\ASCL_GameFramework_Lv1\DotNet\ASCL.Tests\bin\Debug\net8.0\ASCL.Tests.dll" adapterTypeName="executor://nunit3testexecutor/" className="ASCL.Tests.IntegrationFoundationTests" name="TransactionFailureAndCancellationDoNotPublishOrMutate" />
    </UnitTest>
    <UnitTest name="RandomPreservesLegacySequenceAndRestoresWithoutReplaying(-1)" storage="d:\workspace_k\_operation-game-studio\gameframework\unity_oriented\_2_distillationinto\ascl_gameframework_lv1\dotnet\ascl.tests\bin\debug\net8.0\ascl.tests.dll" id="d80520b1-2c2d-a07e-fa8e-fec67e99f16c">
      <Execution id="5064bdc1-6eb0-4e04-b28a-d3d7a4c61d4c" />
      <TestMethod codeBase="D:\Workspace_K\_Operation-Game-Studio\GameFramework\Unity_Oriented\_2_DistillationInto\ASCL_GameFramework_Lv1\DotNet\ASCL.Tests\bin\Debug\net8.0\ASCL.Tests.dll" adapterTypeName="executor://nunit3testexecutor/" className="ASCL.Tests.IntegrationFoundationTests" name="RandomPreservesLegacySequenceAndRestoresWithoutReplaying(-1)" />
    </UnitTest>
    <UnitTest name="NotificationsObserveEveryCommittedTargetAndCannotUndoSuccess" storage="d:\workspace_k\_operation-game-studio\gameframework\unity_oriented\_2_distillationinto\ascl_gameframework_lv1\dotnet\ascl.tests\bin\debug\net8.0\ascl.tests.dll" id="94de488e-463e-46a1-3535-20bab06bf24d">
      <Execution id="b9de5d88-409f-4fdb-8453-8e5fba202e34" />
      <TestMethod codeBase="D:\Workspace_K\_Operation-Game-Studio\GameFramework\Unity_Oriented\_2_DistillationInto\ASCL_GameFramework_Lv1\DotNet\ASCL.Tests\bin\Debug\net8.0\ASCL.Tests.dll" adapterTypeName="executor://nunit3testexecutor/" className="ASCL.Tests.IntegrationFoundationTests" name="NotificationsObserveEveryCommittedTargetAndCannotUndoSuccess" />
    </UnitTest>
    <UnitTest name="TransactionBudgetsRollbackAlreadyEvaluatedEffects" storage="d:\workspace_k\_operation-game-studio\gameframework\unity_oriented\_2_distillationinto\ascl_gameframework_lv1\dotnet\ascl.tests\bin\debug\net8.0\ascl.tests.dll" id="679e74c1-ccb0-8d82-9492-4c9fdb165d12">
      <Execution id="151b88ed-dcca-4509-aa7d-dc49c412c3dd" />
      <TestMethod codeBase="D:\Workspace_K\_Operation-Game-Studio\GameFramework\Unity_Oriented\_2_DistillationInto\ASCL_GameFramework_Lv1\DotNet\ASCL.Tests\bin\Debug\net8.0\ASCL.Tests.dll" adapterTypeName="executor://nunit3testexecutor/" className="ASCL.Tests.IntegrationFoundationTests" name="TransactionBudgetsRollbackAlreadyEvaluatedEffects" />
    </UnitTest>
    <UnitTest name="CompositeBuffRemovalOnlyRevertsItsChildStackContribution" storage="d:\workspace_k\_operation-game-studio\gameframework\unity_oriented\_2_distillationinto\ascl_gameframework_lv1\dotnet\ascl.tests\bin\debug\net8.0\ascl.tests.dll" id="41d39e86-1324-b8f6-6bb6-f7ddaad064f2">
      <Execution id="2c482aa9-ed5a-4460-ac94-5cdcb85609f9" />
      <TestMethod codeBase="D:\Workspace_K\_Operation-Game-Studio\GameFramework\Unity_Oriented\_2_DistillationInto\ASCL_GameFramework_Lv1\DotNet\ASCL.Tests\bin\Debug\net8.0\ASCL.Tests.dll" adapterTypeName="executor://nunit3testexecutor/" className="ASCL.Tests.CoreFrameworkTests" name="CompositeBuffRemovalOnlyRevertsItsChildStackContribution" />
    </UnitTest>
    <UnitTest name="NumericPreservesIntegersAboveFloatPrecision" storage="d:\workspace_k\_operation-game-studio\gameframework\unity_oriented\_2_distillationinto\ascl_gameframework_lv1\dotnet\ascl.tests\bin\debug\net8.0\ascl.tests.dll" id="d2e2de2a-3766-d5d3-9854-58036706d130">
      <Execution id="5981ce3d-fe70-4113-aee0-549692cc043d" />
      <TestMethod codeBase="D:\Workspace_K\_Operation-Game-Studio\GameFramework\Unity_Oriented\_2_DistillationInto\ASCL_GameFramework_Lv1\DotNet\ASCL.Tests\bin\Debug\net8.0\ASCL.Tests.dll" adapterTypeName="executor://nunit3testexecutor/" className="ASCL.Tests.IntegrationFoundationTests" name="NumericPreservesIntegersAboveFloatPrecision" />
    </UnitTest>
    <UnitTest name="RandomPreservesLegacySequenceAndRestoresWithoutReplaying(0)" storage="d:\workspace_k\_operation-game-studio\gameframework\unity_oriented\_2_distillationinto\ascl_gameframework_lv1\dotnet\ascl.tests\bin\debug\net8.0\ascl.tests.dll" id="5f1726bd-f662-b6bf-26c5-9ef77dc56bd4">
      <Execution id="1bd5f01b-30a0-490e-8de3-144b86e46fa9" />
      <TestMethod codeBase="D:\Workspace_K\_Operation-Game-Studio\GameFramework\Unity_Oriented\_2_DistillationInto\ASCL_GameFramework_Lv1\DotNet\ASCL.Tests\bin\Debug\net8.0\ASCL.Tests.dll" adapterTypeName="executor://nunit3testexecutor/" className="ASCL.Tests.IntegrationFoundationTests" name="RandomPreservesLegacySequenceAndRestoresWithoutReplaying(0)" />
    </UnitTest>
  </TestDefinitions>
  <TestEntries>
    <TestEntry testId="d11d1a96-af2b-e1d5-b81c-7d950c0ce29e" executionId="fef479bb-ccbe-4945-903a-c9f90acf574f" testListId="8c84fa94-04c1-424b-9868-57a2d4851a1d" />
    <TestEntry testId="bf82437f-313d-1328-f1bd-588e1d0b1fdf" executionId="a6bf6c93-3800-4349-b496-15cfdd01329f" testListId="8c84fa94-04c1-424b-9868-57a2d4851a1d" />
    <TestEntry testId="679e74c1-ccb0-8d82-9492-4c9fdb165d12" executionId="151b88ed-dcca-4509-aa7d-dc49c412c3dd" testListId="8c84fa94-04c1-424b-9868-57a2d4851a1d" />
    <TestEntry testId="ab6f2abc-1efe-d70c-1038-f06b0b4670f2" executionId="23c332bf-2a14-4840-b4c9-ea2688b0caf1" testListId="8c84fa94-04c1-424b-9868-57a2d4851a1d" />
    <TestEntry testId="2fcfe5fc-8c15-3c99-3d99-76558177dcdc" executionId="3f19df62-3dbb-4da4-8560-928fc26a8331" testListId="8c84fa94-04c1-424b-9868-57a2d4851a1d" />
    <TestEntry testId="3bc2f251-0f5d-2f86-dd0a-dfcf5d136bd7" executionId="87084f19-4574-4467-88a9-7931602d0417" testListId="8c84fa94-04c1-424b-9868-57a2d4851a1d" />
    <TestEntry testId="d2e2de2a-3766-d5d3-9854-58036706d130" executionId="5981ce3d-fe70-4113-aee0-549692cc043d" testListId="8c84fa94-04c1-424b-9868-57a2d4851a1d" />
    <TestEntry testId="94de488e-463e-46a1-3535-20bab06bf24d" executionId="b9de5d88-409f-4fdb-8453-8e5fba202e34" testListId="8c84fa94-04c1-424b-9868-57a2d4851a1d" />
    <TestEntry testId="839a1202-af15-7d2a-ee7e-a6046f12f00d" executionId="c463ed3b-0d7f-4c0b-bde1-ca2fd03261b0" testListId="8c84fa94-04c1-424b-9868-57a2d4851a1d" />
    <TestEntry testId="dcbeff99-cf3c-6601-3146-6cdd13ff8d04" executionId="9161ff50-a67c-4331-b909-185d8073e364" testListId="8c84fa94-04c1-424b-9868-57a2d4851a1d" />
    <TestEntry testId="62b96830-e796-aa4f-09cf-a840b33c5135" executionId="e64f4ff6-23aa-43bd-9e53-cb8f754af66f" testListId="8c84fa94-04c1-424b-9868-57a2d4851a1d" />
    <TestEntry testId="321fbb37-84d6-97fc-e3eb-a5c80e7773bd" executionId="e112e88e-24e3-455d-a5e2-6baf22a58db8" testListId="8c84fa94-04c1-424b-9868-57a2d4851a1d" />
    <TestEntry testId="41d39e86-1324-b8f6-6bb6-f7ddaad064f2" executionId="2c482aa9-ed5a-4460-ac94-5cdcb85609f9" testListId="8c84fa94-04c1-424b-9868-57a2d4851a1d" />
    <TestEntry testId="2c0b3f86-c8de-82a9-a7ec-6de25b02f610" executionId="7e5f2feb-d973-4648-9c78-b18dbb2aabe7" testListId="8c84fa94-04c1-424b-9868-57a2d4851a1d" />
    <TestEntry testId="df689e70-c84a-4112-7798-4fe81b701c0b" executionId="e1becbfb-1580-4de4-9860-ce56e4e4d494" testListId="8c84fa94-04c1-424b-9868-57a2d4851a1d" />
    <TestEntry testId="5f1726bd-f662-b6bf-26c5-9ef77dc56bd4" executionId="1bd5f01b-30a0-490e-8de3-144b86e46fa9" testListId="8c84fa94-04c1-424b-9868-57a2d4851a1d" />
    <TestEntry testId="97b3542b-6981-1b39-14cb-aeea063edd6a" executionId="efc47a77-9234-4b94-86f9-d84661849f83" testListId="8c84fa94-04c1-424b-9868-57a2d4851a1d" />
    <TestEntry testId="d80520b1-2c2d-a07e-fa8e-fec67e99f16c" executionId="5064bdc1-6eb0-4e04-b28a-d3d7a4c61d4c" testListId="8c84fa94-04c1-424b-9868-57a2d4851a1d" />
    <TestEntry testId="dba076cc-f26d-d9cf-1a4a-06ba837d0159" executionId="12fc48ea-afdc-466f-9e39-7fdee595458b" testListId="8c84fa94-04c1-424b-9868-57a2d4851a1d" />
    <TestEntry testId="1560834d-60a5-ade1-91fd-fc9873010bdf" executionId="9d3a4c91-7420-4064-bdf3-c87e1256ff92" testListId="8c84fa94-04c1-424b-9868-57a2d4851a1d" />
    <TestEntry testId="d42bca39-41da-d4d2-e358-3fe046e0652f" executionId="8d23bfe0-3947-4bcd-9519-0ed401d25404" testListId="8c84fa94-04c1-424b-9868-57a2d4851a1d" />
    <TestEntry testId="2e4d312a-61d2-5cda-a6ff-4b66e94fa463" executionId="144bd232-5c5f-48ac-96eb-cef5863fcab7" testListId="8c84fa94-04c1-424b-9868-57a2d4851a1d" />
    <TestEntry testId="18ec960e-5bfd-5866-cd55-7286ee0ac2ef" executionId="09f22d52-9f85-444c-a65e-9cfe087c3963" testListId="8c84fa94-04c1-424b-9868-57a2d4851a1d" />
    <TestEntry testId="4d9ae36c-dead-ef14-6ea9-69044f713765" executionId="d7ad534c-9527-4ac8-b245-b454e0500116" testListId="8c84fa94-04c1-424b-9868-57a2d4851a1d" />
    <TestEntry testId="4ff92b35-2c9c-3983-336e-1b17b016d705" executionId="78b4637c-78b1-4794-8b67-4bebf3b99a34" testListId="8c84fa94-04c1-424b-9868-57a2d4851a1d" />
    <TestEntry testId="7922d228-8b5a-ada1-c65a-5e0279249b78" executionId="a4515c63-a978-4f7a-aa83-d4e5f25454a0" testListId="8c84fa94-04c1-424b-9868-57a2d4851a1d" />
    <TestEntry testId="30d540e1-37e6-8b29-2b88-6174e22d8b83" executionId="a38f8764-efa1-4fea-b994-8a05b8d535e8" testListId="8c84fa94-04c1-424b-9868-57a2d4851a1d" />
    <TestEntry testId="78a58bd6-99cb-7521-8251-027bcca658a0" executionId="545c4d48-ebe5-424d-a86f-2f06eee7508e" testListId="8c84fa94-04c1-424b-9868-57a2d4851a1d" />
    <TestEntry testId="a582030f-bcb7-48f7-8ecf-b51cfd81a275" executionId="ffab8abf-2cf8-4f6c-8ef9-4b98579399d8" testListId="8c84fa94-04c1-424b-9868-57a2d4851a1d" />
    <TestEntry testId="e9b94bd7-ceb1-66aa-7636-e3e577ab129f" executionId="8ea697ae-e1df-47e7-b4a9-21b4b650347b" testListId="8c84fa94-04c1-424b-9868-57a2d4851a1d" />
    <TestEntry testId="3e5f10ff-6de1-42db-902e-e42a6a593807" executionId="f4882763-a293-4d1e-bf62-ed35549ae7da" testListId="8c84fa94-04c1-424b-9868-57a2d4851a1d" />
    <TestEntry testId="eeae625e-cc89-20b7-e81e-903797725829" executionId="bca80e99-696b-4c52-82c1-56f9d3b4ea02" testListId="8c84fa94-04c1-424b-9868-57a2d4851a1d" />
  </TestEntries>
  <TestLists>
    <TestList name="一覧に存在しない結果" id="8c84fa94-04c1-424b-9868-57a2d4851a1d" />
    <TestList name="読み込まれたすべての結果" id="19431567-8539-422a-85d7-44ee4e166bda" />
  </TestLists>
  <ResultSummary outcome="Completed">
    <Counters total="32" executed="32" passed="32" failed="0" error="0" timeout="0" aborted="0" inconclusive="0" passedButRunAborted="0" notRunnable="0" notExecuted="0" disconnected="0" warning="0" completed="0" inProgress="0" pending="0" />
    <Output>
      <StdOut>NUnit Adapter 4.5.0.0: Test execution started&#xD;
Running all tests in D:\Workspace_K\_Operation-Game-Studio\GameFramework\Unity_Oriented\_2_DistillationInto\ASCL_GameFramework_Lv1\DotNet\ASCL.Tests\bin\Debug\net8.0\ASCL.Tests.dll&#xD;
   NUnit3TestExecutor discovered 32 of 32 NUnit test cases using Current Discovery mode, Non-Explicit run&#xD;
NUnit Adapter 4.5.0.0: Test execution complete&#xD;
</StdOut>
    </Output>
  </ResultSummary>
</TestRun>